[2020-03-12T21:34:01.708+0800][0.032s] Heap region size: 1M
[2020-03-12T21:34:02.053+0800][0.375s] Using G1
[2020-03-12T21:34:02.053+0800][0.375s] Heap address: 0x00000000e0000000, size: 512 MB, Compressed Oops mode: 32-bit
[2020-03-12T21:34:02.085+0800][0.406s] Periodic GC disabled
[2020-03-12T21:34:03.493+0800][1.814s] GC(0) Pause Young (Normal) (G1 Evacuation Pause)
[2020-03-12T21:34:03.493+0800][1.815s] GC(0) Using 4 workers of 4 for evacuation
[2020-03-12T21:34:03.498+0800][1.820s] GC(0)   Pre Evacuate Collection Set: 0.0ms
[2020-03-12T21:34:03.498+0800][1.820s] GC(0)   Evacuate Collection Set: 4.3ms
[2020-03-12T21:34:03.498+0800][1.820s] GC(0)   Post Evacuate Collection Set: 0.5ms
[2020-03-12T21:34:03.498+0800][1.820s] GC(0)   Other: 0.6ms
[2020-03-12T21:34:03.505+0800][1.826s] GC(0) Eden regions: 25->0(304)
[2020-03-12T21:34:03.505+0800][1.826s] GC(0) Survivor regions: 0->3(4)
[2020-03-12T21:34:03.505+0800][1.826s] GC(0) Old regions: 0->0
[2020-03-12T21:34:03.505+0800][1.826s] GC(0) Archive regions: 0->0
[2020-03-12T21:34:03.505+0800][1.826s] GC(0) Humongous regions: 0->0
[2020-03-12T21:34:03.505+0800][1.826s] GC(0) Metaspace: 5767K->5767K(1056768K)
[2020-03-12T21:34:03.505+0800][1.826s] GC(0) Pause Young (Normal) (G1 Evacuation Pause) 25M->2M(512M) 11.990ms
[2020-03-12T21:34:03.505+0800][1.826s] GC(0) User=0.00s Sys=0.00s Real=0.01s
[2020-03-12T21:34:06.375+0800][4.696s] GC(1) Pause Young (Concurrent Start) (Metadata GC Threshold)
[2020-03-12T21:34:06.375+0800][4.696s] GC(1) Using 4 workers of 4 for evacuation
[2020-03-12T21:34:06.397+0800][4.718s] GC(1)   Pre Evacuate Collection Set: 0.0ms
[2020-03-12T21:34:06.397+0800][4.718s] GC(1)   Evacuate Collection Set: 20.5ms
[2020-03-12T21:34:06.397+0800][4.718s] GC(1)   Post Evacuate Collection Set: 1.1ms
[2020-03-12T21:34:06.397+0800][4.718s] GC(1)   Other: 0.3ms
[2020-03-12T21:34:06.397+0800][4.718s] GC(1) Eden regions: 116->0(75)
[2020-03-12T21:34:06.397+0800][4.718s] GC(1) Survivor regions: 3->20(33)
[2020-03-12T21:34:06.397+0800][4.718s] GC(1) Old regions: 0->0
[2020-03-12T21:34:06.397+0800][4.718s] GC(1) Archive regions: 0->0
[2020-03-12T21:34:06.397+0800][4.718s] GC(1) Humongous regions: 4->4
[2020-03-12T21:34:06.397+0800][4.718s] GC(1) Metaspace: 20717K->20717K(1069056K)
[2020-03-12T21:34:06.397+0800][4.718s] GC(1) Pause Young (Concurrent Start) (Metadata GC Threshold) 122M->23M(512M) 22.192ms
[2020-03-12T21:34:06.397+0800][4.718s] GC(1) User=0.09s Sys=0.00s Real=0.02s
[2020-03-12T21:34:06.397+0800][4.718s] GC(2) Concurrent Cycle
[2020-03-12T21:34:06.397+0800][4.719s] GC(2) Concurrent Clear Claimed Marks
[2020-03-12T21:34:06.397+0800][4.719s] GC(2) Concurrent Clear Claimed Marks 0.054ms
[2020-03-12T21:34:06.397+0800][4.719s] GC(2) Concurrent Scan Root Regions
[2020-03-12T21:34:06.408+0800][4.731s] GC(2) Concurrent Scan Root Regions 12.655ms
[2020-03-12T21:34:06.408+0800][4.731s] GC(2) Concurrent Mark (4.731s)
[2020-03-12T21:34:06.408+0800][4.731s] GC(2) Concurrent Mark From Roots
[2020-03-12T21:34:06.408+0800][4.731s] GC(2) Using 1 workers of 1 for marking
[2020-03-12T21:34:06.426+0800][4.747s] GC(2) Concurrent Mark From Roots 15.660ms
[2020-03-12T21:34:06.426+0800][4.747s] GC(2) Concurrent Preclean
[2020-03-12T21:34:06.426+0800][4.747s] GC(2) Concurrent Preclean 0.142ms
[2020-03-12T21:34:06.426+0800][4.747s] GC(2) Concurrent Mark (4.731s, 4.747s) 15.931ms
[2020-03-12T21:34:06.427+0800][4.748s] GC(2) Pause Remark
[2020-03-12T21:34:06.429+0800][4.750s] GC(2) Pause Remark 25M->25M(512M) 1.873ms
[2020-03-12T21:34:06.429+0800][4.750s] GC(2) User=0.00s Sys=0.00s Real=0.00s
[2020-03-12T21:34:06.429+0800][4.750s] GC(2) Concurrent Rebuild Remembered Sets
[2020-03-12T21:34:06.431+0800][4.753s] GC(2) Concurrent Rebuild Remembered Sets 2.998ms
[2020-03-12T21:34:06.432+0800][4.753s] GC(2) Pause Cleanup
[2020-03-12T21:34:06.432+0800][4.753s] GC(2) Pause Cleanup 25M->25M(512M) 0.105ms
[2020-03-12T21:34:06.432+0800][4.753s] GC(2) User=0.00s Sys=0.00s Real=0.00s
[2020-03-12T21:34:06.432+0800][4.753s] GC(2) Concurrent Cleanup for Next Mark
[2020-03-12T21:34:06.432+0800][4.754s] GC(2) Concurrent Cleanup for Next Mark 0.677ms
[2020-03-12T21:34:06.433+0800][4.754s] GC(2) Concurrent Cycle 35.434ms
[2020-03-12T21:34:07.671+0800][5.992s] GC(3) Pause Young (Concurrent Start) (G1 Evacuation Pause)
[2020-03-12T21:34:07.671+0800][5.992s] GC(3) Using 4 workers of 4 for evacuation
[2020-03-12T21:34:07.696+0800][6.018s] GC(3)   Pre Evacuate Collection Set: 0.1ms
[2020-03-12T21:34:07.696+0800][6.018s] GC(3)   Evacuate Collection Set: 24.9ms
[2020-03-12T21:34:07.696+0800][6.018s] GC(3)   Post Evacuate Collection Set: 0.9ms
[2020-03-12T21:34:07.696+0800][6.018s] GC(3)   Other: 0.3ms
[2020-03-12T21:34:07.697+0800][6.018s] GC(3) Eden regions: 70->0(104)
[2020-03-12T21:34:07.697+0800][6.018s] GC(3) Survivor regions: 20->5(12)
[2020-03-12T21:34:07.697+0800][6.018s] GC(3) Old regions: 0->19
[2020-03-12T21:34:07.697+0800][6.018s] GC(3) Archive regions: 0->0
[2020-03-12T21:34:07.697+0800][6.018s] GC(3) Humongous regions: 4->4
[2020-03-12T21:34:07.697+0800][6.018s] GC(3) Metaspace: 30030K->30030K(1077248K)
[2020-03-12T21:34:07.697+0800][6.018s] GC(3) Pause Young (Concurrent Start) (G1 Evacuation Pause) 93M->26M(512M) 26.375ms
[2020-03-12T21:34:07.697+0800][6.018s] GC(3) User=0.13s Sys=0.00s Real=0.03s
[2020-03-12T21:34:07.697+0800][6.018s] GC(4) Concurrent Cycle
[2020-03-12T21:34:07.697+0800][6.018s] GC(4) Concurrent Clear Claimed Marks
[2020-03-12T21:34:07.697+0800][6.018s] GC(4) Concurrent Clear Claimed Marks 0.063ms
[2020-03-12T21:34:07.697+0800][6.018s] GC(4) Concurrent Scan Root Regions
[2020-03-12T21:34:07.711+0800][6.035s] GC(4) Concurrent Scan Root Regions 16.210ms
[2020-03-12T21:34:07.711+0800][6.035s] GC(4) Concurrent Mark (6.035s)
[2020-03-12T21:34:07.711+0800][6.035s] GC(4) Concurrent Mark From Roots
[2020-03-12T21:34:07.711+0800][6.035s] GC(4) Using 1 workers of 1 for marking
[2020-03-12T21:34:07.717+0800][6.038s] GC(4) Concurrent Mark From Roots 3.670ms
[2020-03-12T21:34:07.717+0800][6.039s] GC(4) Concurrent Preclean
[2020-03-12T21:34:07.718+0800][6.039s] GC(4) Concurrent Preclean 0.147ms
[2020-03-12T21:34:07.718+0800][6.039s] GC(4) Concurrent Mark (6.035s, 6.039s) 3.941ms
[2020-03-12T21:34:07.718+0800][6.039s] GC(4) Pause Remark
[2020-03-12T21:34:07.720+0800][6.041s] GC(4) Pause Remark 28M->28M(512M) 1.650ms
[2020-03-12T21:34:07.720+0800][6.041s] GC(4) User=0.00s Sys=0.00s Real=0.00s
[2020-03-12T21:34:07.720+0800][6.041s] GC(4) Concurrent Rebuild Remembered Sets
[2020-03-12T21:34:07.736+0800][6.057s] GC(4) Concurrent Rebuild Remembered Sets 16.279ms
[2020-03-12T21:34:07.736+0800][6.057s] GC(4) Pause Cleanup
[2020-03-12T21:34:07.736+0800][6.057s] GC(4) Pause Cleanup 28M->28M(512M) 0.114ms
[2020-03-12T21:34:07.736+0800][6.057s] GC(4) User=0.00s Sys=0.00s Real=0.00s
[2020-03-12T21:34:07.736+0800][6.057s] GC(4) Concurrent Cleanup for Next Mark
[2020-03-12T21:34:07.737+0800][6.058s] GC(4) Concurrent Cleanup for Next Mark 0.947ms
[2020-03-12T21:34:07.737+0800][6.059s] GC(4) Concurrent Cycle 40.174ms
[2020-03-12T21:34:08.501+0800][6.822s] GC(5) Pause Young (Normal) (G1 Evacuation Pause)
[2020-03-12T21:34:08.501+0800][6.822s] GC(5) Using 4 workers of 4 for evacuation
[2020-03-12T21:34:08.510+0800][6.831s] GC(5)   Pre Evacuate Collection Set: 0.0ms
[2020-03-12T21:34:08.510+0800][6.831s] GC(5)   Evacuate Collection Set: 8.6ms
[2020-03-12T21:34:08.510+0800][6.831s] GC(5)   Post Evacuate Collection Set: 0.6ms
[2020-03-12T21:34:08.510+0800][6.831s] GC(5)   Other: 0.3ms
[2020-03-12T21:34:08.510+0800][6.831s] GC(5) Eden regions: 104->0(128)
[2020-03-12T21:34:08.510+0800][6.831s] GC(5) Survivor regions: 5->7(14)
[2020-03-12T21:34:08.510+0800][6.831s] GC(5) Old regions: 19->19
[2020-03-12T21:34:08.510+0800][6.832s] GC(5) Archive regions: 0->0
[2020-03-12T21:34:08.510+0800][6.832s] GC(5) Humongous regions: 5->4
[2020-03-12T21:34:08.510+0800][6.832s] GC(5) Metaspace: 34582K->34582K(1081344K)
[2020-03-12T21:34:08.510+0800][6.832s] GC(5) Pause Young (Normal) (G1 Evacuation Pause) 131M->28M(512M) 9.807ms
[2020-03-12T21:34:08.510+0800][6.832s] GC(5) User=0.06s Sys=0.00s Real=0.01s
[2020-03-12T21:34:08.934+0800][7.255s] GC(6) Pause Young (Normal) (G1 Evacuation Pause)
[2020-03-12T21:34:08.934+0800][7.255s] GC(6) Using 4 workers of 4 for evacuation
[2020-03-12T21:34:08.941+0800][7.262s] GC(6)   Pre Evacuate Collection Set: 0.0ms
[2020-03-12T21:34:08.941+0800][7.262s] GC(6)   Evacuate Collection Set: 6.3ms
[2020-03-12T21:34:08.941+0800][7.262s] GC(6)   Post Evacuate Collection Set: 0.5ms
[2020-03-12T21:34:08.941+0800][7.262s] GC(6)   Other: 0.2ms
[2020-03-12T21:34:08.941+0800][7.262s] GC(6) Eden regions: 128->0(171)
[2020-03-12T21:34:08.941+0800][7.262s] GC(6) Survivor regions: 7->8(17)
[2020-03-12T21:34:08.941+0800][7.262s] GC(6) Old regions: 19->19
[2020-03-12T21:34:08.941+0800][7.262s] GC(6) Archive regions: 0->0
[2020-03-12T21:34:08.941+0800][7.262s] GC(6) Humongous regions: 4->4
[2020-03-12T21:34:08.941+0800][7.262s] GC(6) Metaspace: 36311K->36311K(1081344K)
[2020-03-12T21:34:08.941+0800][7.262s] GC(6) Pause Young (Normal) (G1 Evacuation Pause) 156M->29M(512M) 7.311ms
[2020-03-12T21:34:08.941+0800][7.262s] GC(6) User=0.00s Sys=0.00s Real=0.01s
[2020-03-12T21:34:32.879+0800][31.200s] GC(7) Pause Young (Normal) (G1 Evacuation Pause)
[2020-03-12T21:34:32.879+0800][31.200s] GC(7) Using 4 workers of 4 for evacuation
[2020-03-12T21:34:32.900+0800][31.221s] GC(7)   Pre Evacuate Collection Set: 0.0ms
[2020-03-12T21:34:32.900+0800][31.221s] GC(7)   Evacuate Collection Set: 19.4ms
[2020-03-12T21:34:32.900+0800][31.221s] GC(7)   Post Evacuate Collection Set: 1.1ms
[2020-03-12T21:34:32.900+0800][31.221s] GC(7)   Other: 0.4ms
[2020-03-12T21:34:32.900+0800][31.221s] GC(7) Eden regions: 171->0(293)
[2020-03-12T21:34:32.900+0800][31.221s] GC(7) Survivor regions: 8->14(23)
[2020-03-12T21:34:32.900+0800][31.221s] GC(7) Old regions: 19->19
[2020-03-12T21:34:32.900+0800][31.221s] GC(7) Archive regions: 0->0
[2020-03-12T21:34:32.900+0800][31.221s] GC(7) Humongous regions: 4->4
[2020-03-12T21:34:32.900+0800][31.221s] GC(7) Metaspace: 46550K->46550K(1091584K)
[2020-03-12T21:34:32.900+0800][31.222s] GC(7) Pause Young (Normal) (G1 Evacuation Pause) 200M->35M(512M) 21.485ms
[2020-03-12T21:34:32.900+0800][31.222s] GC(7) User=0.06s Sys=0.00s Real=0.02s
[2020-03-12T21:38:34.531+0800][272.853s] GC(8) Pause Young (Concurrent Start) (Metadata GC Threshold)
[2020-03-12T21:38:34.531+0800][272.853s] GC(8) Using 4 workers of 4 for evacuation
[2020-03-12T21:38:34.562+0800][272.886s] GC(8)   Pre Evacuate Collection Set: 0.1ms
[2020-03-12T21:38:34.566+0800][272.886s] GC(8)   Evacuate Collection Set: 31.7ms
[2020-03-12T21:38:34.566+0800][272.886s] GC(8)   Post Evacuate Collection Set: 1.4ms
[2020-03-12T21:38:34.566+0800][272.887s] GC(8)   Other: 0.4ms
[2020-03-12T21:38:34.566+0800][272.887s] GC(8) Eden regions: 218->0(293)
[2020-03-12T21:38:34.566+0800][272.887s] GC(8) Survivor regions: 14->14(39)
[2020-03-12T21:38:34.566+0800][272.887s] GC(8) Old regions: 19->19
[2020-03-12T21:38:34.566+0800][272.887s] GC(8) Archive regions: 0->0
[2020-03-12T21:38:34.566+0800][272.887s] GC(8) Humongous regions: 9->7
[2020-03-12T21:38:34.566+0800][272.887s] GC(8) Metaspace: 50298K->50298K(1095680K)
[2020-03-12T21:38:34.566+0800][272.887s] GC(8) Pause Young (Concurrent Start) (Metadata GC Threshold) 258M->39M(512M) 33.947ms
[2020-03-12T21:38:34.566+0800][272.887s] GC(8) User=0.09s Sys=0.00s Real=0.04s
[2020-03-12T21:38:34.566+0800][272.887s] GC(9) Concurrent Cycle
[2020-03-12T21:38:34.566+0800][272.887s] GC(9) Concurrent Clear Claimed Marks
[2020-03-12T21:38:34.566+0800][272.887s] GC(9) Concurrent Clear Claimed Marks 0.119ms
[2020-03-12T21:38:34.566+0800][272.887s] GC(9) Concurrent Scan Root Regions
[2020-03-12T21:38:34.590+0800][272.911s] GC(9) Concurrent Scan Root Regions 23.240ms
[2020-03-12T21:38:34.590+0800][272.911s] GC(9) Concurrent Mark (272.911s)
[2020-03-12T21:38:34.590+0800][272.911s] GC(9) Concurrent Mark From Roots
[2020-03-12T21:38:34.590+0800][272.911s] GC(9) Using 1 workers of 1 for marking
[2020-03-12T21:38:34.656+0800][272.978s] GC(9) Concurrent Mark From Roots 67.006ms
[2020-03-12T21:38:34.656+0800][272.978s] GC(9) Concurrent Preclean
[2020-03-12T21:38:34.656+0800][272.978s] GC(9) Concurrent Preclean 0.276ms
[2020-03-12T21:38:34.656+0800][272.978s] GC(9) Concurrent Mark (272.911s, 272.978s) 67.741ms
[2020-03-12T21:38:34.656+0800][272.979s] GC(9) Pause Remark
[2020-03-12T21:38:34.664+0800][272.985s] GC(9) Pause Remark 40M->40M(512M) 6.238ms
[2020-03-12T21:38:34.664+0800][272.985s] GC(9) User=0.06s Sys=0.00s Real=0.01s
[2020-03-12T21:38:34.664+0800][272.985s] GC(9) Concurrent Rebuild Remembered Sets
[2020-03-12T21:38:34.689+0800][273.012s] GC(9) Concurrent Rebuild Remembered Sets 26.509ms
[2020-03-12T21:38:34.689+0800][273.012s] GC(9) Pause Cleanup
[2020-03-12T21:38:34.689+0800][273.012s] GC(9) Pause Cleanup 40M->40M(512M) 0.207ms
[2020-03-12T21:38:34.689+0800][273.012s] GC(9) User=0.00s Sys=0.00s Real=0.00s
[2020-03-12T21:38:34.689+0800][273.012s] GC(9) Concurrent Cleanup for Next Mark
[2020-03-12T21:38:34.689+0800][273.013s] GC(9) Concurrent Cleanup for Next Mark 0.867ms
[2020-03-12T21:38:34.689+0800][273.013s] GC(9) Concurrent Cycle 126.355ms
[2020-03-12T21:38:40.714+0800][279.035s] Heap
[2020-03-12T21:38:40.714+0800][279.035s]  garbage-first heap   total 524288K, used 51387K [0x00000000e0000000, 0x0000000100000000)
[2020-03-12T21:38:40.714+0800][279.035s]   region size 1024K, 26 young (26624K), 14 survivors (14336K)
[2020-03-12T21:38:40.714+0800][279.035s]  Metaspace       used 50628K, capacity 51678K, committed 51964K, reserved 1095680K
[2020-03-12T21:38:40.714+0800][279.035s]   class space    used 5891K, capacity 6280K, committed 6396K, reserved 1048576K
