[2020-03-09T13:07:16.074+0800][0.053s] Heap region size: 1M
[2020-03-09T13:07:16.662+0800][0.642s] Using G1
[2020-03-09T13:07:16.662+0800][0.642s] Heap address: 0x00000000e0000000, size: 512 MB, Compressed Oops mode: 32-bit
[2020-03-09T13:07:16.719+0800][0.699s] Periodic GC disabled
[2020-03-09T13:07:19.180+0800][3.159s] GC(0) Pause Young (Normal) (G1 Evacuation Pause)
[2020-03-09T13:07:19.181+0800][3.160s] GC(0) Using 4 workers of 4 for evacuation
[2020-03-09T13:07:19.189+0800][3.169s] GC(0)   Pre Evacuate Collection Set: 0.0ms
[2020-03-09T13:07:19.190+0800][3.169s] GC(0)   Evacuate Collection Set: 7.7ms
[2020-03-09T13:07:19.190+0800][3.169s] GC(0)   Post Evacuate Collection Set: 0.7ms
[2020-03-09T13:07:19.190+0800][3.169s] GC(0)   Other: 0.8ms
[2020-03-09T13:07:19.196+0800][3.175s] GC(0) Eden regions: 25->0(304)
[2020-03-09T13:07:19.196+0800][3.175s] GC(0) Survivor regions: 0->3(4)
[2020-03-09T13:07:19.196+0800][3.175s] GC(0) Old regions: 0->0
[2020-03-09T13:07:19.196+0800][3.175s] GC(0) Archive regions: 0->0
[2020-03-09T13:07:19.196+0800][3.175s] GC(0) Humongous regions: 0->0
[2020-03-09T13:07:19.196+0800][3.175s] GC(0) Metaspace: 5915K->5915K(1056768K)
[2020-03-09T13:07:19.196+0800][3.175s] GC(0) Pause Young (Normal) (G1 Evacuation Pause) 25M->2M(512M) 15.970ms
[2020-03-09T13:07:19.196+0800][3.176s] GC(0) User=0.00s Sys=0.02s Real=0.02s
[2020-03-09T13:07:23.451+0800][7.431s] GC(1) Pause Young (Concurrent Start) (Metadata GC Threshold)
[2020-03-09T13:07:23.451+0800][7.431s] GC(1) Using 4 workers of 4 for evacuation
[2020-03-09T13:07:23.490+0800][7.470s] GC(1)   Pre Evacuate Collection Set: 0.1ms
[2020-03-09T13:07:23.490+0800][7.470s] GC(1)   Evacuate Collection Set: 36.5ms
[2020-03-09T13:07:23.490+0800][7.470s] GC(1)   Post Evacuate Collection Set: 1.4ms
[2020-03-09T13:07:23.490+0800][7.470s] GC(1)   Other: 0.5ms
[2020-03-09T13:07:23.490+0800][7.470s] GC(1) Eden regions: 110->0(68)
[2020-03-09T13:07:23.490+0800][7.470s] GC(1) Survivor regions: 3->19(31)
[2020-03-09T13:07:23.490+0800][7.470s] GC(1) Old regions: 0->0
[2020-03-09T13:07:23.490+0800][7.470s] GC(1) Archive regions: 0->0
[2020-03-09T13:07:23.490+0800][7.470s] GC(1) Humongous regions: 4->4
[2020-03-09T13:07:23.490+0800][7.470s] GC(1) Metaspace: 20733K->20733K(1069056K)
[2020-03-09T13:07:23.490+0800][7.470s] GC(1) Pause Young (Concurrent Start) (Metadata GC Threshold) 116M->22M(512M) 38.986ms
[2020-03-09T13:07:23.490+0800][7.470s] GC(1) User=0.19s Sys=0.00s Real=0.04s
[2020-03-09T13:07:23.491+0800][7.470s] GC(2) Concurrent Cycle
[2020-03-09T13:07:23.491+0800][7.470s] GC(2) Concurrent Clear Claimed Marks
[2020-03-09T13:07:23.491+0800][7.470s] GC(2) Concurrent Clear Claimed Marks 0.058ms
[2020-03-09T13:07:23.491+0800][7.470s] GC(2) Concurrent Scan Root Regions
[2020-03-09T13:07:23.511+0800][7.491s] GC(2) Concurrent Scan Root Regions 20.627ms
[2020-03-09T13:07:23.512+0800][7.491s] GC(2) Concurrent Mark (7.491s)
[2020-03-09T13:07:23.512+0800][7.491s] GC(2) Concurrent Mark From Roots
[2020-03-09T13:07:23.512+0800][7.491s] GC(2) Using 1 workers of 1 for marking
[2020-03-09T13:07:23.536+0800][7.515s] GC(2) Concurrent Mark From Roots 23.911ms
[2020-03-09T13:07:23.536+0800][7.515s] GC(2) Concurrent Preclean
[2020-03-09T13:07:23.536+0800][7.515s] GC(2) Concurrent Preclean 0.255ms
[2020-03-09T13:07:23.536+0800][7.516s] GC(2) Concurrent Mark (7.491s, 7.516s) 24.411ms
[2020-03-09T13:07:23.536+0800][7.516s] GC(2) Pause Remark
[2020-03-09T13:07:23.539+0800][7.518s] GC(2) Pause Remark 24M->24M(512M) 2.493ms
[2020-03-09T13:07:23.539+0800][7.518s] GC(2) User=0.00s Sys=0.00s Real=0.00s
[2020-03-09T13:07:23.539+0800][7.519s] GC(2) Concurrent Rebuild Remembered Sets
[2020-03-09T13:07:23.545+0800][7.524s] GC(2) Concurrent Rebuild Remembered Sets 5.206ms
[2020-03-09T13:07:23.545+0800][7.524s] GC(2) Pause Cleanup
[2020-03-09T13:07:23.545+0800][7.525s] GC(2) Pause Cleanup 24M->24M(512M) 0.172ms
[2020-03-09T13:07:23.545+0800][7.525s] GC(2) User=0.00s Sys=0.00s Real=0.00s
[2020-03-09T13:07:23.545+0800][7.525s] GC(2) Concurrent Cleanup for Next Mark
[2020-03-09T13:07:23.547+0800][7.526s] GC(2) Concurrent Cleanup for Next Mark 1.204ms
[2020-03-09T13:07:23.547+0800][7.526s] GC(2) Concurrent Cycle 56.169ms
[2020-03-09T13:07:25.379+0800][9.358s] GC(3) Pause Young (Normal) (G1 Evacuation Pause)
[2020-03-09T13:07:25.379+0800][9.358s] GC(3) Using 4 workers of 4 for evacuation
[2020-03-09T13:07:25.414+0800][9.394s] GC(3)   Pre Evacuate Collection Set: 0.0ms
[2020-03-09T13:07:25.414+0800][9.394s] GC(3)   Evacuate Collection Set: 34.2ms
[2020-03-09T13:07:25.414+0800][9.394s] GC(3)   Post Evacuate Collection Set: 1.0ms
[2020-03-09T13:07:25.414+0800][9.394s] GC(3)   Other: 0.3ms
[2020-03-09T13:07:25.414+0800][9.394s] GC(3) Eden regions: 62->0(92)
[2020-03-09T13:07:25.414+0800][9.394s] GC(3) Survivor regions: 19->5(11)
[2020-03-09T13:07:25.414+0800][9.394s] GC(3) Old regions: 0->19
[2020-03-09T13:07:25.414+0800][9.394s] GC(3) Archive regions: 0->0
[2020-03-09T13:07:25.415+0800][9.394s] GC(3) Humongous regions: 4->4
[2020-03-09T13:07:25.415+0800][9.394s] GC(3) Metaspace: 29264K->29264K(1075200K)
[2020-03-09T13:07:25.415+0800][9.394s] GC(3) Pause Young (Normal) (G1 Evacuation Pause) 84M->26M(512M) 36.093ms
[2020-03-09T13:07:25.415+0800][9.394s] GC(3) User=0.08s Sys=0.00s Real=0.04s
[2020-03-09T13:07:26.858+0800][10.838s] GC(4) Pause Young (Concurrent Start) (Metadata GC Threshold)
[2020-03-09T13:07:26.858+0800][10.838s] GC(4) Using 4 workers of 4 for evacuation
[2020-03-09T13:07:26.874+0800][10.853s] GC(4)   Pre Evacuate Collection Set: 0.1ms
[2020-03-09T13:07:26.874+0800][10.853s] GC(4)   Evacuate Collection Set: 14.6ms
[2020-03-09T13:07:26.874+0800][10.853s] GC(4)   Post Evacuate Collection Set: 0.8ms
[2020-03-09T13:07:26.874+0800][10.853s] GC(4)   Other: 0.4ms
[2020-03-09T13:07:26.874+0800][10.853s] GC(4) Eden regions: 91->0(105)
[2020-03-09T13:07:26.874+0800][10.853s] GC(4) Survivor regions: 5->7(13)
[2020-03-09T13:07:26.874+0800][10.854s] GC(4) Old regions: 19->19
[2020-03-09T13:07:26.874+0800][10.854s] GC(4) Archive regions: 0->0
[2020-03-09T13:07:26.874+0800][10.854s] GC(4) Humongous regions: 5->4
[2020-03-09T13:07:26.874+0800][10.854s] GC(4) Metaspace: 35027K->35027K(1081344K)
[2020-03-09T13:07:26.874+0800][10.854s] GC(4) Pause Young (Concurrent Start) (Metadata GC Threshold) 118M->29M(512M) 16.128ms
[2020-03-09T13:07:26.874+0800][10.854s] GC(4) User=0.05s Sys=0.00s Real=0.02s
[2020-03-09T13:07:26.874+0800][10.854s] GC(5) Concurrent Cycle
[2020-03-09T13:07:26.874+0800][10.854s] GC(5) Concurrent Clear Claimed Marks
[2020-03-09T13:07:26.874+0800][10.854s] GC(5) Concurrent Clear Claimed Marks 0.096ms
[2020-03-09T13:07:26.874+0800][10.854s] GC(5) Concurrent Scan Root Regions
[2020-03-09T13:07:26.884+0800][10.863s] GC(5) Concurrent Scan Root Regions 9.241ms
[2020-03-09T13:07:26.884+0800][10.863s] GC(5) Concurrent Mark (10.863s)
[2020-03-09T13:07:26.884+0800][10.863s] GC(5) Concurrent Mark From Roots
[2020-03-09T13:07:26.884+0800][10.863s] GC(5) Using 1 workers of 1 for marking
[2020-03-09T13:07:26.970+0800][10.949s] GC(5) Concurrent Mark From Roots 85.761ms
[2020-03-09T13:07:26.970+0800][10.949s] GC(5) Concurrent Preclean
[2020-03-09T13:07:26.970+0800][10.950s] GC(5) Concurrent Preclean 0.374ms
[2020-03-09T13:07:26.970+0800][10.950s] GC(5) Concurrent Mark (10.863s, 10.950s) 86.372ms
[2020-03-09T13:07:26.970+0800][10.950s] GC(5) Pause Remark
[2020-03-09T13:07:26.974+0800][10.953s] GC(5) Pause Remark 41M->41M(512M) 3.462ms
[2020-03-09T13:07:26.974+0800][10.953s] GC(5) User=0.03s Sys=0.02s Real=0.00s
[2020-03-09T13:07:26.978+0800][10.957s] GC(5) Concurrent Rebuild Remembered Sets
[2020-03-09T13:07:27.015+0800][10.995s] GC(5) Concurrent Rebuild Remembered Sets 37.337ms
[2020-03-09T13:07:27.016+0800][10.996s] GC(5) Pause Cleanup
[2020-03-09T13:07:27.017+0800][10.996s] GC(5) Pause Cleanup 43M->43M(512M) 0.192ms
[2020-03-09T13:07:27.017+0800][10.996s] GC(5) User=0.00s Sys=0.00s Real=0.00s
[2020-03-09T13:07:27.020+0800][10.999s] GC(5) Concurrent Cleanup for Next Mark
[2020-03-09T13:07:27.021+0800][11.001s] GC(5) Concurrent Cleanup for Next Mark 1.289ms
[2020-03-09T13:07:27.022+0800][11.001s] GC(5) Concurrent Cycle 147.123ms
[2020-03-09T13:07:27.637+0800][11.616s] GC(6) Pause Young (Normal) (G1 Evacuation Pause)
[2020-03-09T13:07:27.637+0800][11.616s] GC(6) Using 4 workers of 4 for evacuation
[2020-03-09T13:07:27.647+0800][11.627s] GC(6)   Pre Evacuate Collection Set: 0.0ms
[2020-03-09T13:07:27.647+0800][11.627s] GC(6)   Evacuate Collection Set: 8.9ms
[2020-03-09T13:07:27.647+0800][11.627s] GC(6)   Post Evacuate Collection Set: 1.1ms
[2020-03-09T13:07:27.647+0800][11.627s] GC(6)   Other: 0.3ms
[2020-03-09T13:07:27.647+0800][11.627s] GC(6) Eden regions: 106->0(131)
[2020-03-09T13:07:27.647+0800][11.627s] GC(6) Survivor regions: 7->8(15)
[2020-03-09T13:07:27.647+0800][11.627s] GC(6) Old regions: 19->19
[2020-03-09T13:07:27.647+0800][11.627s] GC(6) Archive regions: 0->0
[2020-03-09T13:07:27.647+0800][11.627s] GC(6) Humongous regions: 4->4
[2020-03-09T13:07:27.648+0800][11.627s] GC(6) Metaspace: 36500K->36500K(1083392K)
[2020-03-09T13:07:27.648+0800][11.627s] GC(6) Pause Young (Normal) (G1 Evacuation Pause) 135M->30M(512M) 10.787ms
[2020-03-09T13:07:27.648+0800][11.627s] GC(6) User=0.06s Sys=0.00s Real=0.01s
[2020-03-09T13:07:30.184+0800][14.164s] GC(7) Pause Young (Normal) (G1 Evacuation Pause)
[2020-03-09T13:07:30.184+0800][14.164s] GC(7) Using 4 workers of 4 for evacuation
[2020-03-09T13:07:30.202+0800][14.182s] GC(7)   Pre Evacuate Collection Set: 0.0ms
[2020-03-09T13:07:30.202+0800][14.182s] GC(7)   Evacuate Collection Set: 16.7ms
[2020-03-09T13:07:30.202+0800][14.182s] GC(7)   Post Evacuate Collection Set: 0.8ms
[2020-03-09T13:07:30.202+0800][14.182s] GC(7)   Other: 0.3ms
[2020-03-09T13:07:30.202+0800][14.182s] GC(7) Eden regions: 131->0(297)
[2020-03-09T13:07:30.202+0800][14.182s] GC(7) Survivor regions: 8->10(18)
[2020-03-09T13:07:30.202+0800][14.182s] GC(7) Old regions: 19->19
[2020-03-09T13:07:30.202+0800][14.182s] GC(7) Archive regions: 0->0
[2020-03-09T13:07:30.202+0800][14.182s] GC(7) Humongous regions: 4->4
[2020-03-09T13:07:30.202+0800][14.182s] GC(7) Metaspace: 41263K->41263K(1087488K)
[2020-03-09T13:07:30.202+0800][14.182s] GC(7) Pause Young (Normal) (G1 Evacuation Pause) 161M->32M(512M) 18.374ms
[2020-03-09T13:07:30.202+0800][14.182s] GC(7) User=0.02s Sys=0.00s Real=0.02s
[2020-03-09T13:08:35.581+0800][79.560s] Heap
[2020-03-09T13:08:35.581+0800][79.560s]  garbage-first heap   total 524288K, used 129332K [0x00000000e0000000, 0x0000000100000000)
[2020-03-09T13:08:35.581+0800][79.560s]   region size 1024K, 105 young (107520K), 10 survivors (10240K)
[2020-03-09T13:08:35.581+0800][79.560s]  Metaspace       used 46503K, capacity 47571K, committed 47612K, reserved 1091584K
[2020-03-09T13:08:35.581+0800][79.560s]   class space    used 5491K, capacity 5877K, committed 5884K, reserved 1048576K
