[2020-03-11T20:20:41.882+0800][0.037s] Heap region size: 1M
[2020-03-11T20:20:42.255+0800][0.410s] Using G1
[2020-03-11T20:20:42.255+0800][0.410s] Heap address: 0x00000000e0000000, size: 512 MB, Compressed Oops mode: 32-bit
[2020-03-11T20:20:42.289+0800][0.443s] Periodic GC disabled
[2020-03-11T20:20:43.984+0800][2.138s] GC(0) Pause Young (Normal) (G1 Evacuation Pause)
[2020-03-11T20:20:43.984+0800][2.138s] GC(0) Using 4 workers of 4 for evacuation
[2020-03-11T20:20:43.991+0800][2.145s] GC(0)   Pre Evacuate Collection Set: 0.0ms
[2020-03-11T20:20:43.991+0800][2.145s] GC(0)   Evacuate Collection Set: 6.2ms
[2020-03-11T20:20:43.991+0800][2.145s] GC(0)   Post Evacuate Collection Set: 0.8ms
[2020-03-11T20:20:43.991+0800][2.145s] GC(0)   Other: 0.7ms
[2020-03-11T20:20:43.991+0800][2.146s] GC(0) Eden regions: 25->0(304)
[2020-03-11T20:20:43.991+0800][2.146s] GC(0) Survivor regions: 0->3(4)
[2020-03-11T20:20:43.991+0800][2.146s] GC(0) Old regions: 0->0
[2020-03-11T20:20:43.991+0800][2.146s] GC(0) Archive regions: 0->0
[2020-03-11T20:20:43.991+0800][2.146s] GC(0) Humongous regions: 0->0
[2020-03-11T20:20:43.991+0800][2.146s] GC(0) Metaspace: 5748K->5748K(1056768K)
[2020-03-11T20:20:43.992+0800][2.146s] GC(0) Pause Young (Normal) (G1 Evacuation Pause) 25M->2M(512M) 8.282ms
[2020-03-11T20:20:43.992+0800][2.146s] GC(0) User=0.03s Sys=0.02s Real=0.01s
[2020-03-11T20:20:47.371+0800][5.525s] GC(1) Pause Young (Concurrent Start) (Metadata GC Threshold)
[2020-03-11T20:20:47.371+0800][5.525s] GC(1) Using 4 workers of 4 for evacuation
[2020-03-11T20:20:47.393+0800][5.547s] GC(1)   Pre Evacuate Collection Set: 0.0ms
[2020-03-11T20:20:47.393+0800][5.548s] GC(1)   Evacuate Collection Set: 20.1ms
[2020-03-11T20:20:47.393+0800][5.548s] GC(1)   Post Evacuate Collection Set: 1.8ms
[2020-03-11T20:20:47.393+0800][5.548s] GC(1)   Other: 0.3ms
[2020-03-11T20:20:47.393+0800][5.548s] GC(1) Eden regions: 112->0(72)
[2020-03-11T20:20:47.393+0800][5.548s] GC(1) Survivor regions: 3->19(34)
[2020-03-11T20:20:47.393+0800][5.548s] GC(1) Old regions: 0->0
[2020-03-11T20:20:47.393+0800][5.548s] GC(1) Archive regions: 0->0
[2020-03-11T20:20:47.393+0800][5.548s] GC(1) Humongous regions: 4->4
[2020-03-11T20:20:47.393+0800][5.548s] GC(1) Metaspace: 20737K->20737K(1069056K)
[2020-03-11T20:20:47.393+0800][5.548s] GC(1) Pause Young (Concurrent Start) (Metadata GC Threshold) 118M->23M(512M) 22.532ms
[2020-03-11T20:20:47.393+0800][5.548s] GC(1) User=0.13s Sys=0.00s Real=0.02s
[2020-03-11T20:20:47.393+0800][5.548s] GC(2) Concurrent Cycle
[2020-03-11T20:20:47.393+0800][5.548s] GC(2) Concurrent Clear Claimed Marks
[2020-03-11T20:20:47.393+0800][5.548s] GC(2) Concurrent Clear Claimed Marks 0.037ms
[2020-03-11T20:20:47.393+0800][5.548s] GC(2) Concurrent Scan Root Regions
[2020-03-11T20:20:47.409+0800][5.563s] GC(2) Concurrent Scan Root Regions 15.223ms
[2020-03-11T20:20:47.409+0800][5.563s] GC(2) Concurrent Mark (5.563s)
[2020-03-11T20:20:47.409+0800][5.563s] GC(2) Concurrent Mark From Roots
[2020-03-11T20:20:47.409+0800][5.563s] GC(2) Using 1 workers of 1 for marking
[2020-03-11T20:20:47.425+0800][5.580s] GC(2) Concurrent Mark From Roots 16.569ms
[2020-03-11T20:20:47.426+0800][5.580s] GC(2) Concurrent Preclean
[2020-03-11T20:20:47.426+0800][5.580s] GC(2) Concurrent Preclean 0.182ms
[2020-03-11T20:20:47.426+0800][5.580s] GC(2) Concurrent Mark (5.563s, 5.580s) 16.915ms
[2020-03-11T20:20:47.426+0800][5.580s] GC(2) Pause Remark
[2020-03-11T20:20:47.428+0800][5.582s] GC(2) Pause Remark 24M->24M(512M) 2.082ms
[2020-03-11T20:20:47.428+0800][5.582s] GC(2) User=0.00s Sys=0.00s Real=0.00s
[2020-03-11T20:20:47.430+0800][5.584s] GC(2) Concurrent Rebuild Remembered Sets
[2020-03-11T20:20:47.434+0800][5.589s] GC(2) Concurrent Rebuild Remembered Sets 4.409ms
[2020-03-11T20:20:47.434+0800][5.589s] GC(2) Pause Cleanup
[2020-03-11T20:20:47.434+0800][5.589s] GC(2) Pause Cleanup 24M->24M(512M) 0.113ms
[2020-03-11T20:20:47.434+0800][5.589s] GC(2) User=0.00s Sys=0.00s Real=0.00s
[2020-03-11T20:20:47.435+0800][5.589s] GC(2) Concurrent Cleanup for Next Mark
[2020-03-11T20:20:47.435+0800][5.590s] GC(2) Concurrent Cleanup for Next Mark 0.804ms
[2020-03-11T20:20:47.435+0800][5.590s] GC(2) Concurrent Cycle 41.898ms
[2020-03-11T20:20:49.482+0800][7.636s] GC(3) Pause Young (Normal) (G1 Evacuation Pause)
[2020-03-11T20:20:49.482+0800][7.636s] GC(3) Using 4 workers of 4 for evacuation
[2020-03-11T20:20:49.515+0800][7.670s] GC(3)   Pre Evacuate Collection Set: 0.0ms
[2020-03-11T20:20:49.515+0800][7.670s] GC(3)   Evacuate Collection Set: 33.0ms
[2020-03-11T20:20:49.515+0800][7.670s] GC(3)   Post Evacuate Collection Set: 1.1ms
[2020-03-11T20:20:49.515+0800][7.670s] GC(3)   Other: 0.4ms
[2020-03-11T20:20:49.515+0800][7.670s] GC(3) Eden regions: 66->0(95)
[2020-03-11T20:20:49.515+0800][7.670s] GC(3) Survivor regions: 19->5(11)
[2020-03-11T20:20:49.515+0800][7.670s] GC(3) Old regions: 0->19
[2020-03-11T20:20:49.515+0800][7.670s] GC(3) Archive regions: 0->0
[2020-03-11T20:20:49.515+0800][7.670s] GC(3) Humongous regions: 4->4
[2020-03-11T20:20:49.516+0800][7.670s] GC(3) Metaspace: 29797K->29797K(1077248K)
[2020-03-11T20:20:49.516+0800][7.670s] GC(3) Pause Young (Normal) (G1 Evacuation Pause) 89M->26M(512M) 34.906ms
[2020-03-11T20:20:49.516+0800][7.671s] GC(3) User=0.13s Sys=0.00s Real=0.03s
[2020-03-11T20:20:50.878+0800][9.032s] GC(4) Pause Young (Concurrent Start) (Metadata GC Threshold)
[2020-03-11T20:20:50.878+0800][9.032s] GC(4) Using 4 workers of 4 for evacuation
[2020-03-11T20:20:50.889+0800][9.044s] GC(4)   Pre Evacuate Collection Set: 0.1ms
[2020-03-11T20:20:50.889+0800][9.044s] GC(4)   Evacuate Collection Set: 10.9ms
[2020-03-11T20:20:50.890+0800][9.044s] GC(4)   Post Evacuate Collection Set: 0.6ms
[2020-03-11T20:20:50.890+0800][9.044s] GC(4)   Other: 0.4ms
[2020-03-11T20:20:50.890+0800][9.044s] GC(4) Eden regions: 77->0(111)
[2020-03-11T20:20:50.890+0800][9.044s] GC(4) Survivor regions: 5->6(13)
[2020-03-11T20:20:50.890+0800][9.044s] GC(4) Old regions: 19->19
[2020-03-11T20:20:50.890+0800][9.044s] GC(4) Archive regions: 0->0
[2020-03-11T20:20:50.890+0800][9.044s] GC(4) Humongous regions: 5->4
[2020-03-11T20:20:50.890+0800][9.044s] GC(4) Metaspace: 34859K->34859K(1081344K)
[2020-03-11T20:20:50.890+0800][9.044s] GC(4) Pause Young (Concurrent Start) (Metadata GC Threshold) 104M->28M(512M) 12.337ms
[2020-03-11T20:20:50.890+0800][9.045s] GC(4) User=0.00s Sys=0.00s Real=0.01s
[2020-03-11T20:20:50.890+0800][9.045s] GC(5) Concurrent Cycle
[2020-03-11T20:20:50.890+0800][9.045s] GC(5) Concurrent Clear Claimed Marks
[2020-03-11T20:20:50.890+0800][9.045s] GC(5) Concurrent Clear Claimed Marks 0.107ms
[2020-03-11T20:20:50.890+0800][9.045s] GC(5) Concurrent Scan Root Regions
[2020-03-11T20:20:50.900+0800][9.054s] GC(5) Concurrent Scan Root Regions 9.540ms
[2020-03-11T20:20:50.900+0800][9.054s] GC(5) Concurrent Mark (9.054s)
[2020-03-11T20:20:50.900+0800][9.055s] GC(5) Concurrent Mark From Roots
[2020-03-11T20:20:50.900+0800][9.055s] GC(5) Using 1 workers of 1 for marking
[2020-03-11T20:20:50.972+0800][9.127s] GC(5) Concurrent Mark From Roots 72.104ms
[2020-03-11T20:20:50.972+0800][9.127s] GC(5) Concurrent Preclean
[2020-03-11T20:20:50.972+0800][9.127s] GC(5) Concurrent Preclean 0.294ms
[2020-03-11T20:20:50.972+0800][9.127s] GC(5) Concurrent Mark (9.054s, 9.127s) 72.622ms
[2020-03-11T20:20:50.972+0800][9.127s] GC(5) Pause Remark
[2020-03-11T20:20:50.977+0800][9.132s] GC(5) Pause Remark 34M->34M(512M) 4.194ms
[2020-03-11T20:20:50.977+0800][9.132s] GC(5) User=0.00s Sys=0.00s Real=0.01s
[2020-03-11T20:20:50.977+0800][9.132s] GC(5) Concurrent Rebuild Remembered Sets
[2020-03-11T20:20:51.020+0800][9.174s] GC(5) Concurrent Rebuild Remembered Sets 42.625ms
[2020-03-11T20:20:51.020+0800][9.175s] GC(5) Pause Cleanup
[2020-03-11T20:20:51.020+0800][9.175s] GC(5) Pause Cleanup 35M->35M(512M) 0.165ms
[2020-03-11T20:20:51.020+0800][9.175s] GC(5) User=0.00s Sys=0.00s Real=0.00s
[2020-03-11T20:20:51.022+0800][9.177s] GC(5) Concurrent Cleanup for Next Mark
[2020-03-11T20:20:51.023+0800][9.178s] GC(5) Concurrent Cleanup for Next Mark 0.777ms
[2020-03-11T20:20:51.023+0800][9.178s] GC(5) Concurrent Cycle 133.059ms
[2020-03-11T20:22:50.710+0800][128.865s] Heap
[2020-03-11T20:22:50.711+0800][128.865s]  garbage-first heap   total 524288K, used 45405K [0x00000000e0000000, 0x0000000100000000)
[2020-03-11T20:22:50.711+0800][128.865s]   region size 1024K, 24 young (24576K), 6 survivors (6144K)
[2020-03-11T20:22:50.711+0800][128.865s]  Metaspace       used 36297K, capacity 37138K, committed 37324K, reserved 1081344K
[2020-03-11T20:22:50.711+0800][128.865s]   class space    used 4251K, capacity 4548K, committed 4608K, reserved 1048576K
