[2020-03-12T21:38:43.790+0800][0.033s] Heap region size: 1M
[2020-03-12T21:38:44.136+0800][0.378s] Using G1
[2020-03-12T21:38:44.136+0800][0.378s] Heap address: 0x00000000e0000000, size: 512 MB, Compressed Oops mode: 32-bit
[2020-03-12T21:38:44.188+0800][0.431s] Periodic GC disabled
[2020-03-12T21:38:45.571+0800][1.813s] GC(0) Pause Young (Normal) (G1 Evacuation Pause)
[2020-03-12T21:38:45.571+0800][1.814s] GC(0) Using 4 workers of 4 for evacuation
[2020-03-12T21:38:45.575+0800][1.818s] GC(0)   Pre Evacuate Collection Set: 0.0ms
[2020-03-12T21:38:45.575+0800][1.818s] GC(0)   Evacuate Collection Set: 3.1ms
[2020-03-12T21:38:45.575+0800][1.818s] GC(0)   Post Evacuate Collection Set: 0.5ms
[2020-03-12T21:38:45.575+0800][1.818s] GC(0)   Other: 0.7ms
[2020-03-12T21:38:45.581+0800][1.824s] GC(0) Eden regions: 25->0(304)
[2020-03-12T21:38:45.581+0800][1.824s] GC(0) Survivor regions: 0->3(4)
[2020-03-12T21:38:45.581+0800][1.824s] GC(0) Old regions: 0->0
[2020-03-12T21:38:45.581+0800][1.824s] GC(0) Archive regions: 0->0
[2020-03-12T21:38:45.581+0800][1.824s] GC(0) Humongous regions: 0->0
[2020-03-12T21:38:45.581+0800][1.824s] GC(0) Metaspace: 5756K->5756K(1056768K)
[2020-03-12T21:38:45.582+0800][1.824s] GC(0) Pause Young (Normal) (G1 Evacuation Pause) 25M->2M(512M) 10.722ms
[2020-03-12T21:38:45.582+0800][1.824s] GC(0) User=0.00s Sys=0.00s Real=0.01s
[2020-03-12T21:38:48.088+0800][4.331s] GC(1) Pause Young (Concurrent Start) (Metadata GC Threshold)
[2020-03-12T21:38:48.088+0800][4.331s] GC(1) Using 4 workers of 4 for evacuation
[2020-03-12T21:38:48.114+0800][4.356s] GC(1)   Pre Evacuate Collection Set: 0.1ms
[2020-03-12T21:38:48.114+0800][4.356s] GC(1)   Evacuate Collection Set: 24.0ms
[2020-03-12T21:38:48.114+0800][4.356s] GC(1)   Post Evacuate Collection Set: 1.3ms
[2020-03-12T21:38:48.114+0800][4.356s] GC(1)   Other: 0.4ms
[2020-03-12T21:38:48.114+0800][4.356s] GC(1) Eden regions: 110->0(70)
[2020-03-12T21:38:48.114+0800][4.356s] GC(1) Survivor regions: 3->19(33)
[2020-03-12T21:38:48.114+0800][4.356s] GC(1) Old regions: 0->0
[2020-03-12T21:38:48.114+0800][4.357s] GC(1) Archive regions: 0->0
[2020-03-12T21:38:48.114+0800][4.357s] GC(1) Humongous regions: 4->4
[2020-03-12T21:38:48.114+0800][4.357s] GC(1) Metaspace: 20718K->20718K(1069056K)
[2020-03-12T21:38:48.114+0800][4.357s] GC(1) Pause Young (Concurrent Start) (Metadata GC Threshold) 116M->22M(512M) 26.135ms
[2020-03-12T21:38:48.114+0800][4.357s] GC(1) User=0.06s Sys=0.00s Real=0.03s
[2020-03-12T21:38:48.114+0800][4.357s] GC(2) Concurrent Cycle
[2020-03-12T21:38:48.114+0800][4.357s] GC(2) Concurrent Clear Claimed Marks
[2020-03-12T21:38:48.114+0800][4.357s] GC(2) Concurrent Clear Claimed Marks 0.065ms
[2020-03-12T21:38:48.114+0800][4.357s] GC(2) Concurrent Scan Root Regions
[2020-03-12T21:38:48.127+0800][4.370s] GC(2) Concurrent Scan Root Regions 12.859ms
[2020-03-12T21:38:48.127+0800][4.370s] GC(2) Concurrent Mark (4.370s)
[2020-03-12T21:38:48.127+0800][4.370s] GC(2) Concurrent Mark From Roots
[2020-03-12T21:38:48.127+0800][4.370s] GC(2) Using 1 workers of 1 for marking
[2020-03-12T21:38:48.138+0800][4.382s] GC(2) Concurrent Mark From Roots 11.807ms
[2020-03-12T21:38:48.138+0800][4.382s] GC(2) Concurrent Preclean
[2020-03-12T21:38:48.139+0800][4.382s] GC(2) Concurrent Preclean 0.141ms
[2020-03-12T21:38:48.139+0800][4.382s] GC(2) Concurrent Mark (4.370s, 4.382s) 12.078ms
[2020-03-12T21:38:48.140+0800][4.382s] GC(2) Pause Remark
[2020-03-12T21:38:48.141+0800][4.384s] GC(2) Pause Remark 24M->24M(512M) 1.843ms
[2020-03-12T21:38:48.141+0800][4.384s] GC(2) User=0.00s Sys=0.00s Real=0.00s
[2020-03-12T21:38:48.141+0800][4.384s] GC(2) Concurrent Rebuild Remembered Sets
[2020-03-12T21:38:48.142+0800][4.387s] GC(2) Concurrent Rebuild Remembered Sets 3.100ms
[2020-03-12T21:38:48.145+0800][4.387s] GC(2) Pause Cleanup
[2020-03-12T21:38:48.145+0800][4.387s] GC(2) Pause Cleanup 24M->24M(512M) 0.136ms
[2020-03-12T21:38:48.145+0800][4.388s] GC(2) User=0.00s Sys=0.00s Real=0.00s
[2020-03-12T21:38:48.145+0800][4.388s] GC(2) Concurrent Cleanup for Next Mark
[2020-03-12T21:38:48.146+0800][4.388s] GC(2) Concurrent Cleanup for Next Mark 0.681ms
[2020-03-12T21:38:48.146+0800][4.388s] GC(2) Concurrent Cycle 31.624ms
[2020-03-12T21:38:49.287+0800][5.530s] GC(3) Pause Young (Normal) (G1 Evacuation Pause)
[2020-03-12T21:38:49.287+0800][5.530s] GC(3) Using 4 workers of 4 for evacuation
[2020-03-12T21:38:49.306+0800][5.550s] GC(3)   Pre Evacuate Collection Set: 0.0ms
[2020-03-12T21:38:49.306+0800][5.550s] GC(3)   Evacuate Collection Set: 18.7ms
[2020-03-12T21:38:49.306+0800][5.550s] GC(3)   Post Evacuate Collection Set: 0.9ms
[2020-03-12T21:38:49.306+0800][5.550s] GC(3)   Other: 0.2ms
[2020-03-12T21:38:49.306+0800][5.550s] GC(3) Eden regions: 64->0(99)
[2020-03-12T21:38:49.307+0800][5.550s] GC(3) Survivor regions: 19->5(11)
[2020-03-12T21:38:49.307+0800][5.550s] GC(3) Old regions: 0->19
[2020-03-12T21:38:49.307+0800][5.550s] GC(3) Archive regions: 0->0
[2020-03-12T21:38:49.307+0800][5.550s] GC(3) Humongous regions: 4->4
[2020-03-12T21:38:49.307+0800][5.550s] GC(3) Metaspace: 29478K->29478K(1075200K)
[2020-03-12T21:38:49.307+0800][5.550s] GC(3) Pause Young (Normal) (G1 Evacuation Pause) 86M->26M(512M) 20.178ms
[2020-03-12T21:38:49.307+0800][5.550s] GC(3) User=0.06s Sys=0.00s Real=0.02s
[2020-03-12T21:38:50.231+0800][6.474s] GC(4) Pause Young (Normal) (G1 Evacuation Pause)
[2020-03-12T21:38:50.231+0800][6.474s] GC(4) Using 4 workers of 4 for evacuation
[2020-03-12T21:38:50.239+0800][6.482s] GC(4)   Pre Evacuate Collection Set: 0.0ms
[2020-03-12T21:38:50.239+0800][6.482s] GC(4)   Evacuate Collection Set: 7.1ms
[2020-03-12T21:38:50.239+0800][6.482s] GC(4)   Post Evacuate Collection Set: 0.6ms
[2020-03-12T21:38:50.239+0800][6.482s] GC(4)   Other: 0.3ms
[2020-03-12T21:38:50.239+0800][6.482s] GC(4) Eden regions: 99->0(120)
[2020-03-12T21:38:50.239+0800][6.482s] GC(4) Survivor regions: 5->7(13)
[2020-03-12T21:38:50.239+0800][6.482s] GC(4) Old regions: 19->19
[2020-03-12T21:38:50.239+0800][6.482s] GC(4) Archive regions: 0->0
[2020-03-12T21:38:50.239+0800][6.482s] GC(4) Humongous regions: 5->4
[2020-03-12T21:38:50.239+0800][6.482s] GC(4) Metaspace: 34725K->34725K(1081344K)
[2020-03-12T21:38:50.239+0800][6.482s] GC(4) Pause Young (Normal) (G1 Evacuation Pause) 126M->29M(512M) 8.342ms
[2020-03-12T21:38:50.240+0800][6.482s] GC(4) User=0.00s Sys=0.00s Real=0.01s
[2020-03-12T21:38:50.277+0800][6.521s] GC(5) Pause Young (Concurrent Start) (Metadata GC Threshold)
[2020-03-12T21:38:50.277+0800][6.521s] GC(5) Using 4 workers of 4 for evacuation
[2020-03-12T21:38:50.289+0800][6.532s] GC(5)   Pre Evacuate Collection Set: 0.1ms
[2020-03-12T21:38:50.289+0800][6.532s] GC(5)   Evacuate Collection Set: 9.4ms
[2020-03-12T21:38:50.289+0800][6.532s] GC(5)   Post Evacuate Collection Set: 0.5ms
[2020-03-12T21:38:50.289+0800][6.532s] GC(5)   Other: 0.3ms
[2020-03-12T21:38:50.289+0800][6.532s] GC(5) Eden regions: 15->0(124)
[2020-03-12T21:38:50.289+0800][6.532s] GC(5) Survivor regions: 7->7(16)
[2020-03-12T21:38:50.289+0800][6.532s] GC(5) Old regions: 19->19
[2020-03-12T21:38:50.289+0800][6.532s] GC(5) Archive regions: 0->0
[2020-03-12T21:38:50.289+0800][6.532s] GC(5) Humongous regions: 4->4
[2020-03-12T21:38:50.289+0800][6.532s] GC(5) Metaspace: 35008K->35008K(1081344K)
[2020-03-12T21:38:50.289+0800][6.532s] GC(5) Pause Young (Concurrent Start) (Metadata GC Threshold) 44M->29M(512M) 10.618ms
[2020-03-12T21:38:50.289+0800][6.532s] GC(5) User=0.05s Sys=0.00s Real=0.01s
[2020-03-12T21:38:50.289+0800][6.532s] GC(6) Concurrent Cycle
[2020-03-12T21:38:50.290+0800][6.532s] GC(6) Concurrent Clear Claimed Marks
[2020-03-12T21:38:50.290+0800][6.532s] GC(6) Concurrent Clear Claimed Marks 0.064ms
[2020-03-12T21:38:50.290+0800][6.532s] GC(6) Concurrent Scan Root Regions
[2020-03-12T21:38:50.294+0800][6.539s] GC(6) Concurrent Scan Root Regions 6.921ms
[2020-03-12T21:38:50.294+0800][6.539s] GC(6) Concurrent Mark (6.539s)
[2020-03-12T21:38:50.294+0800][6.539s] GC(6) Concurrent Mark From Roots
[2020-03-12T21:38:50.294+0800][6.539s] GC(6) Using 1 workers of 1 for marking
[2020-03-12T21:38:50.345+0800][6.589s] GC(6) Concurrent Mark From Roots 50.011ms
[2020-03-12T21:38:50.345+0800][6.589s] GC(6) Concurrent Preclean
[2020-03-12T21:38:50.345+0800][6.589s] GC(6) Concurrent Preclean 0.212ms
[2020-03-12T21:38:50.345+0800][6.590s] GC(6) Concurrent Mark (6.539s, 6.590s) 50.366ms
[2020-03-12T21:38:50.347+0800][6.590s] GC(6) Pause Remark
[2020-03-12T21:38:50.351+0800][6.594s] GC(6) Pause Remark 36M->36M(512M) 3.793ms
[2020-03-12T21:38:50.351+0800][6.594s] GC(6) User=0.02s Sys=0.02s Real=0.00s
[2020-03-12T21:38:50.352+0800][6.596s] GC(6) Concurrent Rebuild Remembered Sets
[2020-03-12T21:38:50.377+0800][6.620s] GC(6) Concurrent Rebuild Remembered Sets 23.825ms
[2020-03-12T21:38:50.378+0800][6.620s] GC(6) Pause Cleanup
[2020-03-12T21:38:50.378+0800][6.620s] GC(6) Pause Cleanup 41M->41M(512M) 0.152ms
[2020-03-12T21:38:50.378+0800][6.621s] GC(6) User=0.00s Sys=0.00s Real=0.00s
[2020-03-12T21:38:50.378+0800][6.621s] GC(6) Concurrent Cleanup for Next Mark
[2020-03-12T21:38:50.379+0800][6.622s] GC(6) Concurrent Cleanup for Next Mark 0.716ms
[2020-03-12T21:38:50.379+0800][6.622s] GC(6) Concurrent Cycle 89.695ms
[2020-03-12T21:38:50.717+0800][6.960s] GC(7) Pause Young (Normal) (G1 Evacuation Pause)
[2020-03-12T21:38:50.717+0800][6.960s] GC(7) Using 4 workers of 4 for evacuation
[2020-03-12T21:38:50.726+0800][6.969s] GC(7)   Pre Evacuate Collection Set: 0.0ms
[2020-03-12T21:38:50.726+0800][6.969s] GC(7)   Evacuate Collection Set: 7.7ms
[2020-03-12T21:38:50.726+0800][6.969s] GC(7)   Post Evacuate Collection Set: 0.6ms
[2020-03-12T21:38:50.726+0800][6.969s] GC(7)   Other: 0.3ms
[2020-03-12T21:38:50.726+0800][6.969s] GC(7) Eden regions: 125->0(150)
[2020-03-12T21:38:50.726+0800][6.969s] GC(7) Survivor regions: 7->8(17)
[2020-03-12T21:38:50.726+0800][6.969s] GC(7) Old regions: 19->19
[2020-03-12T21:38:50.726+0800][6.969s] GC(7) Archive regions: 0->0
[2020-03-12T21:38:50.726+0800][6.969s] GC(7) Humongous regions: 4->4
[2020-03-12T21:38:50.726+0800][6.969s] GC(7) Metaspace: 36909K->36909K(1083392K)
[2020-03-12T21:38:50.726+0800][6.969s] GC(7) Pause Young (Normal) (G1 Evacuation Pause) 154M->30M(512M) 8.933ms
[2020-03-12T21:38:50.726+0800][6.969s] GC(7) User=0.06s Sys=0.00s Real=0.01s
[2020-03-12T21:38:52.100+0800][8.343s] GC(8) Pause Young (Normal) (G1 Evacuation Pause)
[2020-03-12T21:38:52.101+0800][8.343s] GC(8) Using 4 workers of 4 for evacuation
[2020-03-12T21:38:52.113+0800][8.356s] GC(8)   Pre Evacuate Collection Set: 0.0ms
[2020-03-12T21:38:52.113+0800][8.356s] GC(8)   Evacuate Collection Set: 11.4ms
[2020-03-12T21:38:52.113+0800][8.356s] GC(8)   Post Evacuate Collection Set: 0.8ms
[2020-03-12T21:38:52.113+0800][8.356s] GC(8)   Other: 0.3ms
[2020-03-12T21:38:52.113+0800][8.356s] GC(8) Eden regions: 150->0(228)
[2020-03-12T21:38:52.113+0800][8.356s] GC(8) Survivor regions: 8->12(20)
[2020-03-12T21:38:52.113+0800][8.356s] GC(8) Old regions: 19->19
[2020-03-12T21:38:52.113+0800][8.356s] GC(8) Archive regions: 0->0
[2020-03-12T21:38:52.113+0800][8.356s] GC(8) Humongous regions: 4->4
[2020-03-12T21:38:52.113+0800][8.356s] GC(8) Metaspace: 44331K->44331K(1089536K)
[2020-03-12T21:38:52.113+0800][8.356s] GC(8) Pause Young (Normal) (G1 Evacuation Pause) 180M->34M(512M) 12.846ms
[2020-03-12T21:38:52.113+0800][8.356s] GC(8) User=0.06s Sys=0.00s Real=0.01s
[2020-03-12T21:39:26.032+0800][42.275s] GC(9) Pause Young (Normal) (G1 Evacuation Pause)
[2020-03-12T21:39:26.033+0800][42.275s] GC(9) Using 4 workers of 4 for evacuation
[2020-03-12T21:39:26.062+0800][42.305s] GC(9)   Pre Evacuate Collection Set: 0.0ms
[2020-03-12T21:39:26.062+0800][42.305s] GC(9)   Evacuate Collection Set: 28.5ms
[2020-03-12T21:39:26.062+0800][42.305s] GC(9)   Post Evacuate Collection Set: 1.1ms
[2020-03-12T21:39:26.062+0800][42.305s] GC(9)   Other: 0.5ms
[2020-03-12T21:39:26.062+0800][42.305s] GC(9) Eden regions: 228->0(268)
[2020-03-12T21:39:26.062+0800][42.305s] GC(9) Survivor regions: 12->22(30)
[2020-03-12T21:39:26.062+0800][42.305s] GC(9) Old regions: 19->19
[2020-03-12T21:39:26.062+0800][42.305s] GC(9) Archive regions: 0->0
[2020-03-12T21:39:26.062+0800][42.305s] GC(9) Humongous regions: 9->7
[2020-03-12T21:39:26.062+0800][42.306s] GC(9) Metaspace: 48762K->48762K(1093632K)
[2020-03-12T21:39:26.063+0800][42.306s] GC(9) Pause Young (Normal) (G1 Evacuation Pause) 267M->47M(512M) 30.552ms
[2020-03-12T21:39:26.063+0800][42.306s] GC(9) User=0.13s Sys=0.00s Real=0.03s
