[2020-03-12T00:53:50.200+0800][0.035s] Heap region size: 1M
[2020-03-12T00:53:50.556+0800][0.390s] Using G1
[2020-03-12T00:53:50.556+0800][0.390s] Heap address: 0x00000000e0000000, size: 512 MB, Compressed Oops mode: 32-bit
[2020-03-12T00:53:50.586+0800][0.421s] Periodic GC disabled
[2020-03-12T00:53:53.569+0800][3.403s] GC(0) Pause Young (Normal) (G1 Evacuation Pause)
[2020-03-12T00:53:53.569+0800][3.404s] GC(0) Using 4 workers of 4 for evacuation
[2020-03-12T00:53:53.575+0800][3.410s] GC(0)   Pre Evacuate Collection Set: 0.0ms
[2020-03-12T00:53:53.575+0800][3.410s] GC(0)   Evacuate Collection Set: 5.0ms
[2020-03-12T00:53:53.575+0800][3.410s] GC(0)   Post Evacuate Collection Set: 0.5ms
[2020-03-12T00:53:53.576+0800][3.410s] GC(0)   Other: 0.6ms
[2020-03-12T00:53:53.582+0800][3.416s] GC(0) Eden regions: 25->0(304)
[2020-03-12T00:53:53.582+0800][3.416s] GC(0) Survivor regions: 0->3(4)
[2020-03-12T00:53:53.582+0800][3.416s] GC(0) Old regions: 0->0
[2020-03-12T00:53:53.582+0800][3.416s] GC(0) Archive regions: 0->0
[2020-03-12T00:53:53.582+0800][3.416s] GC(0) Humongous regions: 0->0
[2020-03-12T00:53:53.582+0800][3.416s] GC(0) Metaspace: 5455K->5455K(1056768K)
[2020-03-12T00:53:53.582+0800][3.416s] GC(0) Pause Young (Normal) (G1 Evacuation Pause) 25M->2M(512M) 12.957ms
[2020-03-12T00:53:53.582+0800][3.416s] GC(0) User=0.02s Sys=0.00s Real=0.01s
[2020-03-12T00:53:58.296+0800][8.131s] GC(1) Pause Young (Concurrent Start) (Metadata GC Threshold)
[2020-03-12T00:53:58.296+0800][8.131s] GC(1) Using 4 workers of 4 for evacuation
[2020-03-12T00:53:58.323+0800][8.158s] GC(1)   Pre Evacuate Collection Set: 0.1ms
[2020-03-12T00:53:58.323+0800][8.158s] GC(1)   Evacuate Collection Set: 24.8ms
[2020-03-12T00:53:58.323+0800][8.158s] GC(1)   Post Evacuate Collection Set: 1.5ms
[2020-03-12T00:53:58.323+0800][8.158s] GC(1)   Other: 0.4ms
[2020-03-12T00:53:58.323+0800][8.158s] GC(1) Eden regions: 111->0(71)
[2020-03-12T00:53:58.323+0800][8.158s] GC(1) Survivor regions: 3->19(34)
[2020-03-12T00:53:58.323+0800][8.158s] GC(1) Old regions: 0->0
[2020-03-12T00:53:58.323+0800][8.158s] GC(1) Archive regions: 0->0
[2020-03-12T00:53:58.323+0800][8.158s] GC(1) Humongous regions: 4->4
[2020-03-12T00:53:58.323+0800][8.158s] GC(1) Metaspace: 20678K->20678K(1069056K)
[2020-03-12T00:53:58.323+0800][8.158s] GC(1) Pause Young (Concurrent Start) (Metadata GC Threshold) 117M->22M(512M) 27.073ms
[2020-03-12T00:53:58.324+0800][8.158s] GC(1) User=0.13s Sys=0.00s Real=0.03s
[2020-03-12T00:53:58.324+0800][8.158s] GC(2) Concurrent Cycle
[2020-03-12T00:53:58.324+0800][8.158s] GC(2) Concurrent Clear Claimed Marks
[2020-03-12T00:53:58.324+0800][8.158s] GC(2) Concurrent Clear Claimed Marks 0.049ms
[2020-03-12T00:53:58.324+0800][8.158s] GC(2) Concurrent Scan Root Regions
[2020-03-12T00:53:58.337+0800][8.172s] GC(2) Concurrent Scan Root Regions 13.123ms
[2020-03-12T00:53:58.337+0800][8.172s] GC(2) Concurrent Mark (8.172s)
[2020-03-12T00:53:58.337+0800][8.172s] GC(2) Concurrent Mark From Roots
[2020-03-12T00:53:58.337+0800][8.172s] GC(2) Using 1 workers of 1 for marking
[2020-03-12T00:53:58.342+0800][8.176s] GC(2) Concurrent Mark From Roots 4.613ms
[2020-03-12T00:53:58.342+0800][8.176s] GC(2) Concurrent Preclean
[2020-03-12T00:53:58.342+0800][8.177s] GC(2) Concurrent Preclean 0.132ms
[2020-03-12T00:53:58.342+0800][8.177s] GC(2) Concurrent Mark (8.172s, 8.177s) 4.891ms
[2020-03-12T00:53:58.372+0800][8.206s] GC(2) Pause Remark
[2020-03-12T00:53:58.373+0800][8.208s] GC(2) Pause Remark 23M->23M(512M) 1.697ms
[2020-03-12T00:53:58.373+0800][8.208s] GC(2) User=0.00s Sys=0.00s Real=0.00s
[2020-03-12T00:53:58.376+0800][8.210s] GC(2) Concurrent Rebuild Remembered Sets
[2020-03-12T00:53:58.387+0800][8.221s] GC(2) Concurrent Rebuild Remembered Sets 10.686ms
[2020-03-12T00:53:58.388+0800][8.222s] GC(2) Pause Cleanup
[2020-03-12T00:53:58.388+0800][8.222s] GC(2) Pause Cleanup 23M->23M(512M) 0.166ms
[2020-03-12T00:53:58.388+0800][8.222s] GC(2) User=0.00s Sys=0.00s Real=0.00s
[2020-03-12T00:53:58.388+0800][8.223s] GC(2) Concurrent Cleanup for Next Mark
[2020-03-12T00:53:58.394+0800][8.228s] GC(2) Concurrent Cleanup for Next Mark 5.950ms
[2020-03-12T00:53:58.394+0800][8.229s] GC(2) Concurrent Cycle 70.492ms
[2020-03-12T00:53:59.847+0800][9.681s] GC(3) Pause Young (Normal) (G1 Evacuation Pause)
[2020-03-12T00:53:59.847+0800][9.681s] GC(3) Using 4 workers of 4 for evacuation
[2020-03-12T00:53:59.872+0800][9.706s] GC(3)   Pre Evacuate Collection Set: 0.0ms
[2020-03-12T00:53:59.872+0800][9.706s] GC(3)   Evacuate Collection Set: 23.9ms
[2020-03-12T00:53:59.872+0800][9.707s] GC(3)   Post Evacuate Collection Set: 0.9ms
[2020-03-12T00:53:59.872+0800][9.707s] GC(3)   Other: 0.3ms
[2020-03-12T00:53:59.872+0800][9.707s] GC(3) Eden regions: 65->0(101)
[2020-03-12T00:53:59.872+0800][9.707s] GC(3) Survivor regions: 19->5(11)
[2020-03-12T00:53:59.872+0800][9.707s] GC(3) Old regions: 0->19
[2020-03-12T00:53:59.872+0800][9.707s] GC(3) Archive regions: 0->0
[2020-03-12T00:53:59.872+0800][9.707s] GC(3) Humongous regions: 4->4
[2020-03-12T00:53:59.872+0800][9.707s] GC(3) Metaspace: 29702K->29702K(1077248K)
[2020-03-12T00:53:59.872+0800][9.707s] GC(3) Pause Young (Normal) (G1 Evacuation Pause) 87M->27M(512M) 25.518ms
[2020-03-12T00:53:59.872+0800][9.707s] GC(3) User=0.06s Sys=0.00s Real=0.03s
[2020-03-12T00:54:00.964+0800][10.799s] GC(4) Pause Young (Concurrent Start) (Metadata GC Threshold)
[2020-03-12T00:54:00.964+0800][10.799s] GC(4) Using 4 workers of 4 for evacuation
[2020-03-12T00:54:00.975+0800][10.809s] GC(4)   Pre Evacuate Collection Set: 0.1ms
[2020-03-12T00:54:00.975+0800][10.809s] GC(4)   Evacuate Collection Set: 9.6ms
[2020-03-12T00:54:00.975+0800][10.809s] GC(4)   Post Evacuate Collection Set: 0.6ms
[2020-03-12T00:54:00.975+0800][10.809s] GC(4)   Other: 0.3ms
[2020-03-12T00:54:00.975+0800][10.809s] GC(4) Eden regions: 82->0(119)
[2020-03-12T00:54:00.975+0800][10.809s] GC(4) Survivor regions: 5->7(14)
[2020-03-12T00:54:00.975+0800][10.809s] GC(4) Old regions: 19->19
[2020-03-12T00:54:00.975+0800][10.810s] GC(4) Archive regions: 0->0
[2020-03-12T00:54:00.975+0800][10.810s] GC(4) Humongous regions: 5->4
[2020-03-12T00:54:00.975+0800][10.810s] GC(4) Metaspace: 34951K->34951K(1081344K)
[2020-03-12T00:54:00.975+0800][10.810s] GC(4) Pause Young (Concurrent Start) (Metadata GC Threshold) 109M->29M(512M) 10.909ms
[2020-03-12T00:54:00.975+0800][10.810s] GC(4) User=0.06s Sys=0.00s Real=0.01s
[2020-03-12T00:54:00.975+0800][10.810s] GC(5) Concurrent Cycle
[2020-03-12T00:54:00.975+0800][10.810s] GC(5) Concurrent Clear Claimed Marks
[2020-03-12T00:54:00.975+0800][10.810s] GC(5) Concurrent Clear Claimed Marks 0.068ms
[2020-03-12T00:54:00.975+0800][10.810s] GC(5) Concurrent Scan Root Regions
[2020-03-12T00:54:00.982+0800][10.817s] GC(5) Concurrent Scan Root Regions 7.062ms
[2020-03-12T00:54:00.982+0800][10.817s] GC(5) Concurrent Mark (10.817s)
[2020-03-12T00:54:00.982+0800][10.817s] GC(5) Concurrent Mark From Roots
[2020-03-12T00:54:00.982+0800][10.817s] GC(5) Using 1 workers of 1 for marking
[2020-03-12T00:54:01.031+0800][10.866s] GC(5) Concurrent Mark From Roots 48.663ms
[2020-03-12T00:54:01.031+0800][10.866s] GC(5) Concurrent Preclean
[2020-03-12T00:54:01.032+0800][10.866s] GC(5) Concurrent Preclean 0.240ms
[2020-03-12T00:54:01.032+0800][10.866s] GC(5) Concurrent Mark (10.817s, 10.866s) 49.047ms
[2020-03-12T00:54:01.032+0800][10.866s] GC(5) Pause Remark
[2020-03-12T00:54:01.034+0800][10.869s] GC(5) Pause Remark 48M->48M(512M) 2.518ms
[2020-03-12T00:54:01.034+0800][10.869s] GC(5) User=0.06s Sys=0.00s Real=0.00s
[2020-03-12T00:54:01.035+0800][10.869s] GC(5) Concurrent Rebuild Remembered Sets
[2020-03-12T00:54:01.057+0800][10.892s] GC(5) Concurrent Rebuild Remembered Sets 22.805ms
[2020-03-12T00:54:01.058+0800][10.893s] GC(5) Pause Cleanup
[2020-03-12T00:54:01.059+0800][10.893s] GC(5) Pause Cleanup 52M->52M(512M) 0.219ms
[2020-03-12T00:54:01.059+0800][10.893s] GC(5) User=0.00s Sys=0.00s Real=0.00s
[2020-03-12T00:54:01.060+0800][10.894s] GC(5) Concurrent Cleanup for Next Mark
[2020-03-12T00:54:01.060+0800][10.895s] GC(5) Concurrent Cleanup for Next Mark 0.711ms
[2020-03-12T00:54:01.060+0800][10.895s] GC(5) Concurrent Cycle 85.107ms
[2020-03-12T00:54:01.461+0800][11.295s] GC(6) Pause Young (Normal) (G1 Evacuation Pause)
[2020-03-12T00:54:01.461+0800][11.295s] GC(6) Using 4 workers of 4 for evacuation
[2020-03-12T00:54:01.469+0800][11.303s] GC(6)   Pre Evacuate Collection Set: 0.0ms
[2020-03-12T00:54:01.469+0800][11.303s] GC(6)   Evacuate Collection Set: 7.2ms
[2020-03-12T00:54:01.469+0800][11.303s] GC(6)   Post Evacuate Collection Set: 0.5ms
[2020-03-12T00:54:01.469+0800][11.303s] GC(6)   Other: 0.3ms
[2020-03-12T00:54:01.469+0800][11.303s] GC(6) Eden regions: 120->0(142)
[2020-03-12T00:54:01.469+0800][11.303s] GC(6) Survivor regions: 7->8(16)
[2020-03-12T00:54:01.469+0800][11.303s] GC(6) Old regions: 19->19
[2020-03-12T00:54:01.469+0800][11.303s] GC(6) Archive regions: 0->0
[2020-03-12T00:54:01.469+0800][11.303s] GC(6) Humongous regions: 4->4
[2020-03-12T00:54:01.469+0800][11.303s] GC(6) Metaspace: 36827K->36827K(1083392K)
[2020-03-12T00:54:01.469+0800][11.303s] GC(6) Pause Young (Normal) (G1 Evacuation Pause) 149M->30M(512M) 8.503ms
[2020-03-12T00:54:01.469+0800][11.304s] GC(6) User=0.00s Sys=0.00s Real=0.01s
[2020-03-12T00:54:03.048+0800][12.882s] GC(7) Pause Young (Normal) (G1 Evacuation Pause)
[2020-03-12T00:54:03.048+0800][12.882s] GC(7) Using 4 workers of 4 for evacuation
[2020-03-12T00:54:03.058+0800][12.893s] GC(7)   Pre Evacuate Collection Set: 0.0ms
[2020-03-12T00:54:03.058+0800][12.893s] GC(7)   Evacuate Collection Set: 9.3ms
[2020-03-12T00:54:03.058+0800][12.893s] GC(7)   Post Evacuate Collection Set: 0.7ms
[2020-03-12T00:54:03.058+0800][12.893s] GC(7)   Other: 0.3ms
[2020-03-12T00:54:03.058+0800][12.893s] GC(7) Eden regions: 142->0(295)
[2020-03-12T00:54:03.058+0800][12.893s] GC(7) Survivor regions: 8->10(19)
[2020-03-12T00:54:03.058+0800][12.893s] GC(7) Old regions: 19->19
[2020-03-12T00:54:03.058+0800][12.893s] GC(7) Archive regions: 0->0
[2020-03-12T00:54:03.058+0800][12.893s] GC(7) Humongous regions: 4->4
[2020-03-12T00:54:03.058+0800][12.893s] GC(7) Metaspace: 42524K->42524K(1087488K)
[2020-03-12T00:54:03.058+0800][12.893s] GC(7) Pause Young (Normal) (G1 Evacuation Pause) 172M->32M(512M) 10.710ms
[2020-03-12T00:54:03.058+0800][12.893s] GC(7) User=0.06s Sys=0.00s Real=0.01s
[2020-03-12T00:56:24.496+0800][154.331s] Heap
[2020-03-12T00:56:24.497+0800][154.331s]  garbage-first heap   total 524288K, used 314181K [0x00000000e0000000, 0x0000000100000000)
[2020-03-12T00:56:24.497+0800][154.331s]   region size 1024K, 277 young (283648K), 10 survivors (10240K)
[2020-03-12T00:56:24.497+0800][154.331s]  Metaspace       used 50557K, capacity 51615K, committed 51788K, reserved 1095680K
[2020-03-12T00:56:24.497+0800][154.331s]   class space    used 5871K, capacity 6245K, committed 6272K, reserved 1048576K
