[2020-02-25T15:42:46.118+0800][0.033s] Heap region size: 1M
[2020-02-25T15:42:46.490+0800][0.405s] Using G1
[2020-02-25T15:42:46.490+0800][0.405s] Heap address: 0x00000000e0000000, size: 512 MB, Compressed Oops mode: 32-bit
[2020-02-25T15:42:46.519+0800][0.434s] Periodic GC disabled
[2020-02-25T15:42:48.222+0800][2.137s] GC(0) Pause Young (Normal) (G1 Evacuation Pause)
[2020-02-25T15:42:48.223+0800][2.137s] GC(0) Using 4 workers of 4 for evacuation
[2020-02-25T15:42:48.228+0800][2.142s] GC(0)   Pre Evacuate Collection Set: 0.0ms
[2020-02-25T15:42:48.228+0800][2.142s] GC(0)   Evacuate Collection Set: 4.2ms
[2020-02-25T15:42:48.228+0800][2.142s] GC(0)   Post Evacuate Collection Set: 0.5ms
[2020-02-25T15:42:48.228+0800][2.142s] GC(0)   Other: 0.8ms
[2020-02-25T15:42:48.229+0800][2.143s] GC(0) Eden regions: 25->0(304)
[2020-02-25T15:42:48.229+0800][2.143s] GC(0) Survivor regions: 0->3(4)
[2020-02-25T15:42:48.229+0800][2.143s] GC(0) Old regions: 0->0
[2020-02-25T15:42:48.229+0800][2.143s] GC(0) Archive regions: 0->0
[2020-02-25T15:42:48.229+0800][2.143s] GC(0) Humongous regions: 0->0
[2020-02-25T15:42:48.229+0800][2.143s] GC(0) Metaspace: 5865K->5865K(1056768K)
[2020-02-25T15:42:48.229+0800][2.143s] GC(0) Pause Young (Normal) (G1 Evacuation Pause) 25M->2M(512M) 6.357ms
[2020-02-25T15:42:48.229+0800][2.143s] GC(0) User=0.00s Sys=0.00s Real=0.01s
[2020-02-25T15:42:52.013+0800][5.927s] GC(1) Pause Young (Concurrent Start) (Metadata GC Threshold)
[2020-02-25T15:42:52.013+0800][5.927s] GC(1) Using 4 workers of 4 for evacuation
[2020-02-25T15:42:52.042+0800][5.956s] GC(1)   Pre Evacuate Collection Set: 0.1ms
[2020-02-25T15:42:52.042+0800][5.957s] GC(1)   Evacuate Collection Set: 27.1ms
[2020-02-25T15:42:52.042+0800][5.957s] GC(1)   Post Evacuate Collection Set: 1.7ms
[2020-02-25T15:42:52.042+0800][5.957s] GC(1)   Other: 0.5ms
[2020-02-25T15:42:52.042+0800][5.957s] GC(1) Eden regions: 109->0(71)
[2020-02-25T15:42:52.042+0800][5.957s] GC(1) Survivor regions: 3->20(39)
[2020-02-25T15:42:52.042+0800][5.957s] GC(1) Old regions: 0->0
[2020-02-25T15:42:52.042+0800][5.957s] GC(1) Archive regions: 0->0
[2020-02-25T15:42:52.043+0800][5.957s] GC(1) Humongous regions: 4->4
[2020-02-25T15:42:52.043+0800][5.957s] GC(1) Metaspace: 20736K->20736K(1069056K)
[2020-02-25T15:42:52.043+0800][5.957s] GC(1) Pause Young (Concurrent Start) (Metadata GC Threshold) 115M->23M(512M) 30.020ms
[2020-02-25T15:42:52.043+0800][5.957s] GC(1) User=0.13s Sys=0.00s Real=0.03s
[2020-02-25T15:42:52.043+0800][5.957s] GC(2) Concurrent Cycle
[2020-02-25T15:42:52.043+0800][5.957s] GC(2) Concurrent Clear Claimed Marks
[2020-02-25T15:42:52.043+0800][5.958s] GC(2) Concurrent Clear Claimed Marks 0.086ms
[2020-02-25T15:42:52.043+0800][5.958s] GC(2) Concurrent Scan Root Regions
[2020-02-25T15:42:52.056+0800][5.971s] GC(2) Concurrent Scan Root Regions 12.939ms
[2020-02-25T15:42:52.056+0800][5.971s] GC(2) Concurrent Mark (5.971s)
[2020-02-25T15:42:52.056+0800][5.971s] GC(2) Concurrent Mark From Roots
[2020-02-25T15:42:52.056+0800][5.971s] GC(2) Using 1 workers of 1 for marking
[2020-02-25T15:42:52.068+0800][5.985s] GC(2) Concurrent Mark From Roots 14.309ms
[2020-02-25T15:42:52.068+0800][5.985s] GC(2) Concurrent Preclean
[2020-02-25T15:42:52.068+0800][5.985s] GC(2) Concurrent Preclean 0.163ms
[2020-02-25T15:42:52.068+0800][5.985s] GC(2) Concurrent Mark (5.971s, 5.985s) 14.659ms
[2020-02-25T15:42:52.072+0800][5.986s] GC(2) Pause Remark
[2020-02-25T15:42:52.081+0800][5.995s] GC(2) Pause Remark 24M->24M(512M) 8.511ms
[2020-02-25T15:42:52.081+0800][5.995s] GC(2) User=0.06s Sys=0.00s Real=0.01s
[2020-02-25T15:42:52.081+0800][5.996s] GC(2) Concurrent Rebuild Remembered Sets
[2020-02-25T15:42:52.084+0800][5.999s] GC(2) Concurrent Rebuild Remembered Sets 3.198ms
[2020-02-25T15:42:52.085+0800][5.999s] GC(2) Pause Cleanup
[2020-02-25T15:42:52.085+0800][5.999s] GC(2) Pause Cleanup 24M->24M(512M) 0.174ms
[2020-02-25T15:42:52.085+0800][5.999s] GC(2) User=0.00s Sys=0.00s Real=0.00s
[2020-02-25T15:42:52.085+0800][5.999s] GC(2) Concurrent Cleanup for Next Mark
[2020-02-25T15:42:52.086+0800][6.000s] GC(2) Concurrent Cleanup for Next Mark 0.684ms
[2020-02-25T15:42:52.086+0800][6.000s] GC(2) Concurrent Cycle 42.932ms
[2020-02-25T15:42:54.419+0800][8.334s] GC(3) Pause Young (Normal) (G1 Evacuation Pause)
[2020-02-25T15:42:54.419+0800][8.334s] GC(3) Using 4 workers of 4 for evacuation
[2020-02-25T15:42:54.443+0800][8.357s] GC(3)   Pre Evacuate Collection Set: 0.0ms
[2020-02-25T15:42:54.443+0800][8.357s] GC(3)   Evacuate Collection Set: 22.0ms
[2020-02-25T15:42:54.443+0800][8.357s] GC(3)   Post Evacuate Collection Set: 1.1ms
[2020-02-25T15:42:54.443+0800][8.357s] GC(3)   Other: 0.4ms
[2020-02-25T15:42:54.443+0800][8.357s] GC(3) Eden regions: 64->0(108)
[2020-02-25T15:42:54.443+0800][8.357s] GC(3) Survivor regions: 20->5(11)
[2020-02-25T15:42:54.443+0800][8.357s] GC(3) Old regions: 0->19
[2020-02-25T15:42:54.443+0800][8.357s] GC(3) Archive regions: 0->0
[2020-02-25T15:42:54.443+0800][8.357s] GC(3) Humongous regions: 4->4
[2020-02-25T15:42:54.443+0800][8.357s] GC(3) Metaspace: 29692K->29692K(1077248K)
[2020-02-25T15:42:54.443+0800][8.358s] GC(3) Pause Young (Normal) (G1 Evacuation Pause) 87M->26M(512M) 24.055ms
[2020-02-25T15:42:54.443+0800][8.358s] GC(3) User=0.11s Sys=0.00s Real=0.02s
