[2020-03-11T19:55:02.315+0800][0.035s] Heap region size: 1M
[2020-03-11T19:55:02.655+0800][0.375s] Using G1
[2020-03-11T19:55:02.655+0800][0.375s] Heap address: 0x00000000e0000000, size: 512 MB, Compressed Oops mode: 32-bit
[2020-03-11T19:55:02.679+0800][0.398s] Periodic GC disabled
[2020-03-11T19:55:06.226+0800][3.947s] GC(0) Pause Young (Normal) (G1 Evacuation Pause)
[2020-03-11T19:55:06.227+0800][3.947s] GC(0) Using 4 workers of 4 for evacuation
[2020-03-11T19:55:06.234+0800][3.954s] GC(0)   Pre Evacuate Collection Set: 0.0ms
[2020-03-11T19:55:06.234+0800][3.954s] GC(0)   Evacuate Collection Set: 5.4ms
[2020-03-11T19:55:06.234+0800][3.954s] GC(0)   Post Evacuate Collection Set: 1.4ms
[2020-03-11T19:55:06.234+0800][3.954s] GC(0)   Other: 0.6ms
[2020-03-11T19:55:06.235+0800][3.955s] GC(0) Eden regions: 25->0(304)
[2020-03-11T19:55:06.235+0800][3.955s] GC(0) Survivor regions: 0->3(4)
[2020-03-11T19:55:06.235+0800][3.955s] GC(0) Old regions: 0->0
[2020-03-11T19:55:06.235+0800][3.955s] GC(0) Archive regions: 0->0
[2020-03-11T19:55:06.235+0800][3.955s] GC(0) Humongous regions: 0->0
[2020-03-11T19:55:06.235+0800][3.955s] GC(0) Metaspace: 5718K->5718K(1056768K)
[2020-03-11T19:55:06.235+0800][3.955s] GC(0) Pause Young (Normal) (G1 Evacuation Pause) 25M->2M(512M) 8.538ms
[2020-03-11T19:55:06.235+0800][3.955s] GC(0) User=0.00s Sys=0.00s Real=0.01s
[2020-03-11T19:55:11.270+0800][8.990s] GC(1) Pause Young (Concurrent Start) (Metadata GC Threshold)
[2020-03-11T19:55:11.270+0800][8.990s] GC(1) Using 4 workers of 4 for evacuation
[2020-03-11T19:55:11.291+0800][9.011s] GC(1)   Pre Evacuate Collection Set: 0.0ms
[2020-03-11T19:55:11.291+0800][9.011s] GC(1)   Evacuate Collection Set: 18.9ms
[2020-03-11T19:55:11.291+0800][9.011s] GC(1)   Post Evacuate Collection Set: 1.3ms
[2020-03-11T19:55:11.291+0800][9.011s] GC(1)   Other: 0.3ms
[2020-03-11T19:55:11.291+0800][9.011s] GC(1) Eden regions: 125->0(84)
[2020-03-11T19:55:11.291+0800][9.011s] GC(1) Survivor regions: 3->19(32)
[2020-03-11T19:55:11.291+0800][9.011s] GC(1) Old regions: 0->0
[2020-03-11T19:55:11.291+0800][9.011s] GC(1) Archive regions: 0->0
[2020-03-11T19:55:11.291+0800][9.011s] GC(1) Humongous regions: 4->4
[2020-03-11T19:55:11.291+0800][9.011s] GC(1) Metaspace: 20756K->20756K(1069056K)
[2020-03-11T19:55:11.291+0800][9.011s] GC(1) Pause Young (Concurrent Start) (Metadata GC Threshold) 131M->23M(512M) 20.897ms
[2020-03-11T19:55:11.291+0800][9.011s] GC(1) User=0.06s Sys=0.00s Real=0.02s
[2020-03-11T19:55:11.291+0800][9.011s] GC(2) Concurrent Cycle
[2020-03-11T19:55:11.291+0800][9.011s] GC(2) Concurrent Clear Claimed Marks
[2020-03-11T19:55:11.291+0800][9.011s] GC(2) Concurrent Clear Claimed Marks 0.050ms
[2020-03-11T19:55:11.291+0800][9.011s] GC(2) Concurrent Scan Root Regions
[2020-03-11T19:55:11.305+0800][9.025s] GC(2) Concurrent Scan Root Regions 13.504ms
[2020-03-11T19:55:11.305+0800][9.025s] GC(2) Concurrent Mark (9.025s)
[2020-03-11T19:55:11.305+0800][9.025s] GC(2) Concurrent Mark From Roots
[2020-03-11T19:55:11.305+0800][9.025s] GC(2) Using 1 workers of 1 for marking
[2020-03-11T19:55:11.311+0800][9.031s] GC(2) Concurrent Mark From Roots 5.690ms
[2020-03-11T19:55:11.311+0800][9.031s] GC(2) Concurrent Preclean
[2020-03-11T19:55:11.311+0800][9.031s] GC(2) Concurrent Preclean 0.196ms
[2020-03-11T19:55:11.311+0800][9.031s] GC(2) Concurrent Mark (9.025s, 9.031s) 6.075ms
[2020-03-11T19:55:11.311+0800][9.031s] GC(2) Pause Remark
[2020-03-11T19:55:11.314+0800][9.034s] GC(2) Pause Remark 24M->24M(512M) 2.952ms
[2020-03-11T19:55:11.314+0800][9.034s] GC(2) User=0.00s Sys=0.00s Real=0.00s
[2020-03-11T19:55:11.316+0800][9.036s] GC(2) Concurrent Rebuild Remembered Sets
[2020-03-11T19:55:11.319+0800][9.039s] GC(2) Concurrent Rebuild Remembered Sets 2.929ms
[2020-03-11T19:55:11.319+0800][9.039s] GC(2) Pause Cleanup
[2020-03-11T19:55:11.319+0800][9.039s] GC(2) Pause Cleanup 24M->24M(512M) 0.307ms
[2020-03-11T19:55:11.319+0800][9.039s] GC(2) User=0.00s Sys=0.00s Real=0.00s
[2020-03-11T19:55:11.320+0800][9.040s] GC(2) Concurrent Cleanup for Next Mark
[2020-03-11T19:55:11.320+0800][9.040s] GC(2) Concurrent Cleanup for Next Mark 0.649ms
[2020-03-11T19:55:11.320+0800][9.041s] GC(2) Concurrent Cycle 29.307ms
[2020-03-11T19:55:13.486+0800][11.206s] GC(3) Pause Young (Normal) (G1 Evacuation Pause)
[2020-03-11T19:55:13.486+0800][11.206s] GC(3) Using 4 workers of 4 for evacuation
[2020-03-11T19:55:13.509+0800][11.229s] GC(3)   Pre Evacuate Collection Set: 0.0ms
[2020-03-11T19:55:13.509+0800][11.229s] GC(3)   Evacuate Collection Set: 21.0ms
[2020-03-11T19:55:13.509+0800][11.229s] GC(3)   Post Evacuate Collection Set: 1.0ms
[2020-03-11T19:55:13.509+0800][11.229s] GC(3)   Other: 0.2ms
[2020-03-11T19:55:13.509+0800][11.229s] GC(3) Eden regions: 78->0(105)
[2020-03-11T19:55:13.509+0800][11.229s] GC(3) Survivor regions: 19->5(13)
[2020-03-11T19:55:13.509+0800][11.229s] GC(3) Old regions: 0->19
[2020-03-11T19:55:13.509+0800][11.229s] GC(3) Archive regions: 0->0
[2020-03-11T19:55:13.509+0800][11.229s] GC(3) Humongous regions: 4->4
[2020-03-11T19:55:13.509+0800][11.229s] GC(3) Metaspace: 31018K->31018K(1077248K)
[2020-03-11T19:55:13.509+0800][11.229s] GC(3) Pause Young (Normal) (G1 Evacuation Pause) 101M->27M(512M) 22.601ms
[2020-03-11T19:55:13.509+0800][11.229s] GC(3) User=0.08s Sys=0.02s Real=0.02s
[2020-03-11T19:55:14.230+0800][11.950s] GC(4) Pause Young (Concurrent Start) (Metadata GC Threshold)
[2020-03-11T19:55:14.230+0800][11.950s] GC(4) Using 4 workers of 4 for evacuation
[2020-03-11T19:55:14.240+0800][11.960s] GC(4)   Pre Evacuate Collection Set: 0.1ms
[2020-03-11T19:55:14.240+0800][11.960s] GC(4)   Evacuate Collection Set: 8.8ms
[2020-03-11T19:55:14.240+0800][11.960s] GC(4)   Post Evacuate Collection Set: 0.8ms
[2020-03-11T19:55:14.240+0800][11.960s] GC(4)   Other: 0.3ms
[2020-03-11T19:55:14.240+0800][11.960s] GC(4) Eden regions: 65->0(104)
[2020-03-11T19:55:14.240+0800][11.960s] GC(4) Survivor regions: 5->7(14)
[2020-03-11T19:55:14.240+0800][11.960s] GC(4) Old regions: 19->19
[2020-03-11T19:55:14.240+0800][11.960s] GC(4) Archive regions: 0->0
[2020-03-11T19:55:14.240+0800][11.960s] GC(4) Humongous regions: 5->4
[2020-03-11T19:55:14.240+0800][11.960s] GC(4) Metaspace: 34880K->34880K(1081344K)
[2020-03-11T19:55:14.240+0800][11.960s] GC(4) Pause Young (Concurrent Start) (Metadata GC Threshold) 93M->29M(512M) 10.354ms
[2020-03-11T19:55:14.240+0800][11.960s] GC(4) User=0.06s Sys=0.00s Real=0.01s
[2020-03-11T19:55:14.240+0800][11.960s] GC(5) Concurrent Cycle
[2020-03-11T19:55:14.240+0800][11.960s] GC(5) Concurrent Clear Claimed Marks
[2020-03-11T19:55:14.240+0800][11.960s] GC(5) Concurrent Clear Claimed Marks 0.062ms
[2020-03-11T19:55:14.240+0800][11.960s] GC(5) Concurrent Scan Root Regions
[2020-03-11T19:55:14.247+0800][11.967s] GC(5) Concurrent Scan Root Regions 6.794ms
[2020-03-11T19:55:14.247+0800][11.967s] GC(5) Concurrent Mark (11.967s)
[2020-03-11T19:55:14.247+0800][11.967s] GC(5) Concurrent Mark From Roots
[2020-03-11T19:55:14.247+0800][11.967s] GC(5) Using 1 workers of 1 for marking
[2020-03-11T19:55:14.294+0800][12.014s] GC(5) Concurrent Mark From Roots 46.928ms
[2020-03-11T19:55:14.294+0800][12.014s] GC(5) Concurrent Preclean
[2020-03-11T19:55:14.295+0800][12.015s] GC(5) Concurrent Preclean 0.231ms
[2020-03-11T19:55:14.295+0800][12.015s] GC(5) Concurrent Mark (11.967s, 12.015s) 47.296ms
[2020-03-11T19:55:14.295+0800][12.015s] GC(5) Pause Remark
[2020-03-11T19:55:14.297+0800][12.017s] GC(5) Pause Remark 38M->38M(512M) 2.538ms
[2020-03-11T19:55:14.297+0800][12.017s] GC(5) User=0.00s Sys=0.00s Real=0.00s
[2020-03-11T19:55:14.297+0800][12.017s] GC(5) Concurrent Rebuild Remembered Sets
[2020-03-11T19:55:14.318+0800][12.038s] GC(5) Concurrent Rebuild Remembered Sets 20.354ms
[2020-03-11T19:55:14.318+0800][12.038s] GC(5) Pause Cleanup
[2020-03-11T19:55:14.318+0800][12.038s] GC(5) Pause Cleanup 44M->44M(512M) 0.146ms
[2020-03-11T19:55:14.319+0800][12.038s] GC(5) User=0.00s Sys=0.00s Real=0.00s
[2020-03-11T19:55:14.319+0800][12.039s] GC(5) Concurrent Cleanup for Next Mark
[2020-03-11T19:55:14.319+0800][12.039s] GC(5) Concurrent Cleanup for Next Mark 0.722ms
[2020-03-11T19:55:14.320+0800][12.039s] GC(5) Concurrent Cycle 79.125ms
[2020-03-11T19:55:14.718+0800][12.438s] GC(6) Pause Young (Concurrent Start) (G1 Evacuation Pause)
[2020-03-11T19:55:14.718+0800][12.438s] GC(6) Using 4 workers of 4 for evacuation
[2020-03-11T19:55:14.730+0800][12.450s] GC(6)   Pre Evacuate Collection Set: 0.1ms
[2020-03-11T19:55:14.730+0800][12.450s] GC(6)   Evacuate Collection Set: 11.1ms
[2020-03-11T19:55:14.730+0800][12.450s] GC(6)   Post Evacuate Collection Set: 0.5ms
[2020-03-11T19:55:14.730+0800][12.450s] GC(6)   Other: 0.3ms
[2020-03-11T19:55:14.731+0800][12.450s] GC(6) Eden regions: 105->0(131)
[2020-03-11T19:55:14.731+0800][12.450s] GC(6) Survivor regions: 7->8(14)
[2020-03-11T19:55:14.731+0800][12.450s] GC(6) Old regions: 19->19
[2020-03-11T19:55:14.731+0800][12.450s] GC(6) Archive regions: 0->0
[2020-03-11T19:55:14.731+0800][12.450s] GC(6) Humongous regions: 4->4
[2020-03-11T19:55:14.731+0800][12.450s] GC(6) Metaspace: 36770K->36770K(1083392K)
[2020-03-11T19:55:14.731+0800][12.450s] GC(6) Pause Young (Concurrent Start) (G1 Evacuation Pause) 134M->30M(512M) 12.339ms
[2020-03-11T19:55:14.731+0800][12.451s] GC(6) User=0.05s Sys=0.00s Real=0.01s
[2020-03-11T19:55:14.731+0800][12.451s] GC(7) Concurrent Cycle
[2020-03-11T19:55:14.731+0800][12.451s] GC(7) Concurrent Clear Claimed Marks
[2020-03-11T19:55:14.731+0800][12.451s] GC(7) Concurrent Clear Claimed Marks 0.073ms
[2020-03-11T19:55:14.731+0800][12.451s] GC(7) Concurrent Scan Root Regions
[2020-03-11T19:55:14.741+0800][12.460s] GC(7) Concurrent Scan Root Regions 9.505ms
[2020-03-11T19:55:14.741+0800][12.460s] GC(7) Concurrent Mark (12.460s)
[2020-03-11T19:55:14.741+0800][12.460s] GC(7) Concurrent Mark From Roots
[2020-03-11T19:55:14.741+0800][12.460s] GC(7) Using 1 workers of 1 for marking
[2020-03-11T19:55:14.796+0800][12.516s] GC(7) Concurrent Mark From Roots 55.408ms
[2020-03-11T19:55:14.796+0800][12.516s] GC(7) Concurrent Preclean
[2020-03-11T19:55:14.797+0800][12.516s] GC(7) Concurrent Preclean 0.225ms
[2020-03-11T19:55:14.797+0800][12.516s] GC(7) Concurrent Mark (12.460s, 12.516s) 55.812ms
[2020-03-11T19:55:14.802+0800][12.521s] GC(7) Pause Remark
[2020-03-11T19:55:14.804+0800][12.523s] GC(7) Pause Remark 48M->48M(512M) 2.275ms
[2020-03-11T19:55:14.804+0800][12.523s] GC(7) User=0.00s Sys=0.00s Real=0.00s
[2020-03-11T19:55:14.804+0800][12.524s] GC(7) Concurrent Rebuild Remembered Sets
[2020-03-11T19:55:14.828+0800][12.548s] GC(7) Concurrent Rebuild Remembered Sets 24.629ms
[2020-03-11T19:55:14.828+0800][12.548s] GC(7) Pause Cleanup
[2020-03-11T19:55:14.828+0800][12.549s] GC(7) Pause Cleanup 51M->51M(512M) 0.147ms
[2020-03-11T19:55:14.828+0800][12.549s] GC(7) User=0.00s Sys=0.00s Real=0.00s
[2020-03-11T19:55:14.828+0800][12.549s] GC(7) Concurrent Cleanup for Next Mark
[2020-03-11T19:55:14.829+0800][12.549s] GC(7) Concurrent Cleanup for Next Mark 0.658ms
[2020-03-11T19:55:14.829+0800][12.549s] GC(7) Concurrent Cycle 98.840ms
[2020-03-11T19:55:16.163+0800][13.883s] GC(8) Pause Young (Normal) (G1 Evacuation Pause)
[2020-03-11T19:55:16.163+0800][13.883s] GC(8) Using 4 workers of 4 for evacuation
[2020-03-11T19:55:16.174+0800][13.894s] GC(8)   Pre Evacuate Collection Set: 0.0ms
[2020-03-11T19:55:16.174+0800][13.894s] GC(8)   Evacuate Collection Set: 9.8ms
[2020-03-11T19:55:16.174+0800][13.894s] GC(8)   Post Evacuate Collection Set: 0.9ms
[2020-03-11T19:55:16.174+0800][13.894s] GC(8)   Other: 0.3ms
[2020-03-11T19:55:16.174+0800][13.894s] GC(8) Eden regions: 133->0(161)
[2020-03-11T19:55:16.174+0800][13.894s] GC(8) Survivor regions: 8->10(18)
[2020-03-11T19:55:16.174+0800][13.894s] GC(8) Old regions: 19->19
[2020-03-11T19:55:16.174+0800][13.894s] GC(8) Archive regions: 0->0
[2020-03-11T19:55:16.174+0800][13.894s] GC(8) Humongous regions: 4->4
[2020-03-11T19:55:16.174+0800][13.894s] GC(8) Metaspace: 41152K->41152K(1087488K)
[2020-03-11T19:55:16.175+0800][13.894s] GC(8) Pause Young (Normal) (G1 Evacuation Pause) 163M->31M(512M) 11.240ms
[2020-03-11T19:55:16.175+0800][13.894s] GC(8) User=0.05s Sys=0.00s Real=0.01s
[2020-03-11T20:02:12.512+0800][430.232s] GC(9) Pause Young (Normal) (G1 Evacuation Pause)
[2020-03-11T20:02:12.513+0800][430.233s] GC(9) Using 4 workers of 4 for evacuation
[2020-03-11T20:02:12.588+0800][430.308s] GC(9)   Pre Evacuate Collection Set: 0.1ms
[2020-03-11T20:02:12.589+0800][430.309s] GC(9)   Evacuate Collection Set: 73.1ms
[2020-03-11T20:02:12.589+0800][430.309s] GC(9)   Post Evacuate Collection Set: 1.8ms
[2020-03-11T20:02:12.589+0800][430.309s] GC(9)   Other: 1.1ms
[2020-03-11T20:02:12.589+0800][430.309s] GC(9) Eden regions: 161->0(165)
[2020-03-11T20:02:12.589+0800][430.309s] GC(9) Survivor regions: 10->14(22)
[2020-03-11T20:02:12.589+0800][430.309s] GC(9) Old regions: 19->19
[2020-03-11T20:02:12.589+0800][430.309s] GC(9) Archive regions: 0->0
[2020-03-11T20:02:12.589+0800][430.309s] GC(9) Humongous regions: 12->4
[2020-03-11T20:02:12.589+0800][430.309s] GC(9) Metaspace: 50958K->50958K(1095680K)
[2020-03-11T20:02:12.589+0800][430.309s] GC(9) Pause Young (Normal) (G1 Evacuation Pause) 200M->36M(512M) 76.539ms
[2020-03-11T20:02:12.589+0800][430.309s] GC(9) User=0.27s Sys=0.02s Real=0.08s
[2020-03-11T20:02:49.062+0800][466.782s] Heap
[2020-03-11T20:02:49.062+0800][466.782s]  garbage-first heap   total 524288K, used 43322K [0x00000000e0000000, 0x0000000100000000)
[2020-03-11T20:02:49.062+0800][466.783s]   region size 1024K, 22 young (22528K), 14 survivors (14336K)
[2020-03-11T20:02:49.062+0800][466.783s]  Metaspace       used 51155K, capacity 52177K, committed 52428K, reserved 1095680K
[2020-03-11T20:02:49.062+0800][466.783s]   class space    used 5925K, capacity 6311K, committed 6400K, reserved 1048576K
