[2020-03-12T20:58:53.587+0800][0.032s] Heap region size: 1M
[2020-03-12T20:58:53.966+0800][0.408s] Using G1
[2020-03-12T20:58:53.966+0800][0.408s] Heap address: 0x00000000e0000000, size: 512 MB, Compressed Oops mode: 32-bit
[2020-03-12T20:58:53.999+0800][0.440s] Periodic GC disabled
[2020-03-12T20:58:59.083+0800][5.525s] GC(0) Pause Young (Normal) (G1 Evacuation Pause)
[2020-03-12T20:58:59.083+0800][5.525s] GC(0) Using 4 workers of 4 for evacuation
[2020-03-12T20:58:59.092+0800][5.535s] GC(0)   Pre Evacuate Collection Set: 0.1ms
[2020-03-12T20:58:59.092+0800][5.535s] GC(0)   Evacuate Collection Set: 4.1ms
[2020-03-12T20:58:59.092+0800][5.535s] GC(0)   Post Evacuate Collection Set: 2.4ms
[2020-03-12T20:58:59.093+0800][5.535s] GC(0)   Other: 4.5ms
[2020-03-12T20:58:59.093+0800][5.536s] GC(0) Eden regions: 25->0(304)
[2020-03-12T20:58:59.093+0800][5.536s] GC(0) Survivor regions: 0->3(4)
[2020-03-12T20:58:59.093+0800][5.536s] GC(0) Old regions: 0->0
[2020-03-12T20:58:59.093+0800][5.536s] GC(0) Archive regions: 0->0
[2020-03-12T20:58:59.093+0800][5.536s] GC(0) Humongous regions: 0->0
[2020-03-12T20:58:59.093+0800][5.536s] GC(0) Metaspace: 5466K->5466K(1056768K)
[2020-03-12T20:58:59.093+0800][5.536s] GC(0) Pause Young (Normal) (G1 Evacuation Pause) 25M->2M(512M) 11.243ms
[2020-03-12T20:58:59.093+0800][5.536s] GC(0) User=0.00s Sys=0.00s Real=0.01s
[2020-03-12T20:59:04.564+0800][11.006s] GC(1) Pause Young (Concurrent Start) (Metadata GC Threshold)
[2020-03-12T20:59:04.564+0800][11.006s] GC(1) Using 4 workers of 4 for evacuation
[2020-03-12T20:59:04.605+0800][11.047s] GC(1)   Pre Evacuate Collection Set: 0.0ms
[2020-03-12T20:59:04.605+0800][11.047s] GC(1)   Evacuate Collection Set: 38.1ms
[2020-03-12T20:59:04.605+0800][11.047s] GC(1)   Post Evacuate Collection Set: 1.7ms
[2020-03-12T20:59:04.605+0800][11.047s] GC(1)   Other: 1.1ms
[2020-03-12T20:59:04.605+0800][11.047s] GC(1) Eden regions: 109->0(68)
[2020-03-12T20:59:04.605+0800][11.047s] GC(1) Survivor regions: 3->19(32)
[2020-03-12T20:59:04.605+0800][11.047s] GC(1) Old regions: 0->0
[2020-03-12T20:59:04.605+0800][11.047s] GC(1) Archive regions: 0->0
[2020-03-12T20:59:04.605+0800][11.047s] GC(1) Humongous regions: 4->4
[2020-03-12T20:59:04.605+0800][11.047s] GC(1) Metaspace: 20737K->20737K(1069056K)
[2020-03-12T20:59:04.605+0800][11.048s] GC(1) Pause Young (Concurrent Start) (Metadata GC Threshold) 115M->22M(512M) 41.627ms
[2020-03-12T20:59:04.605+0800][11.048s] GC(1) User=0.08s Sys=0.00s Real=0.04s
[2020-03-12T20:59:04.605+0800][11.048s] GC(2) Concurrent Cycle
[2020-03-12T20:59:04.605+0800][11.048s] GC(2) Concurrent Clear Claimed Marks
[2020-03-12T20:59:04.605+0800][11.048s] GC(2) Concurrent Clear Claimed Marks 0.060ms
[2020-03-12T20:59:04.605+0800][11.049s] GC(2) Concurrent Scan Root Regions
[2020-03-12T20:59:04.622+0800][11.068s] GC(2) Concurrent Scan Root Regions 19.119ms
[2020-03-12T20:59:04.622+0800][11.068s] GC(2) Concurrent Mark (11.068s)
[2020-03-12T20:59:04.622+0800][11.068s] GC(2) Concurrent Mark From Roots
[2020-03-12T20:59:04.622+0800][11.068s] GC(2) Using 1 workers of 1 for marking
[2020-03-12T20:59:04.645+0800][11.087s] GC(2) Concurrent Mark From Roots 19.427ms
[2020-03-12T20:59:04.645+0800][11.087s] GC(2) Concurrent Preclean
[2020-03-12T20:59:04.645+0800][11.088s] GC(2) Concurrent Preclean 0.238ms
[2020-03-12T20:59:04.645+0800][11.088s] GC(2) Concurrent Mark (11.068s, 11.088s) 19.863ms
[2020-03-12T20:59:04.645+0800][11.088s] GC(2) Pause Remark
[2020-03-12T20:59:04.652+0800][11.094s] GC(2) Pause Remark 23M->23M(512M) 5.781ms
[2020-03-12T20:59:04.652+0800][11.094s] GC(2) User=0.00s Sys=0.00s Real=0.01s
[2020-03-12T20:59:04.652+0800][11.095s] GC(2) Concurrent Rebuild Remembered Sets
[2020-03-12T20:59:04.656+0800][11.099s] GC(2) Concurrent Rebuild Remembered Sets 3.968ms
[2020-03-12T20:59:04.657+0800][11.099s] GC(2) Pause Cleanup
[2020-03-12T20:59:04.657+0800][11.099s] GC(2) Pause Cleanup 23M->23M(512M) 0.210ms
[2020-03-12T20:59:04.657+0800][11.100s] GC(2) User=0.00s Sys=0.00s Real=0.00s
[2020-03-12T20:59:04.657+0800][11.100s] GC(2) Concurrent Cleanup for Next Mark
[2020-03-12T20:59:04.658+0800][11.101s] GC(2) Concurrent Cleanup for Next Mark 0.946ms
[2020-03-12T20:59:04.658+0800][11.101s] GC(2) Concurrent Cycle 52.949ms
[2020-03-12T20:59:06.883+0800][13.326s] GC(3) Pause Young (Normal) (G1 Evacuation Pause)
[2020-03-12T20:59:06.883+0800][13.326s] GC(3) Using 4 workers of 4 for evacuation
[2020-03-12T20:59:06.920+0800][13.362s] GC(3)   Pre Evacuate Collection Set: 0.0ms
[2020-03-12T20:59:06.920+0800][13.362s] GC(3)   Evacuate Collection Set: 35.3ms
[2020-03-12T20:59:06.920+0800][13.363s] GC(3)   Post Evacuate Collection Set: 1.1ms
[2020-03-12T20:59:06.920+0800][13.363s] GC(3)   Other: 0.4ms
[2020-03-12T20:59:06.920+0800][13.363s] GC(3) Eden regions: 62->0(100)
[2020-03-12T20:59:06.920+0800][13.363s] GC(3) Survivor regions: 19->5(11)
[2020-03-12T20:59:06.920+0800][13.363s] GC(3) Old regions: 0->18
[2020-03-12T20:59:06.920+0800][13.363s] GC(3) Archive regions: 0->0
[2020-03-12T20:59:06.920+0800][13.363s] GC(3) Humongous regions: 4->4
[2020-03-12T20:59:06.920+0800][13.363s] GC(3) Metaspace: 29504K->29504K(1075200K)
[2020-03-12T20:59:06.920+0800][13.363s] GC(3) Pause Young (Normal) (G1 Evacuation Pause) 84M->26M(512M) 37.259ms
[2020-03-12T20:59:06.920+0800][13.363s] GC(3) User=0.09s Sys=0.02s Real=0.04s
[2020-03-12T20:59:08.459+0800][14.902s] GC(4) Pause Young (Concurrent Start) (Metadata GC Threshold)
[2020-03-12T20:59:08.459+0800][14.902s] GC(4) Using 4 workers of 4 for evacuation
[2020-03-12T20:59:08.473+0800][14.915s] GC(4)   Pre Evacuate Collection Set: 0.1ms
[2020-03-12T20:59:08.473+0800][14.915s] GC(4)   Evacuate Collection Set: 12.8ms
[2020-03-12T20:59:08.473+0800][14.915s] GC(4)   Post Evacuate Collection Set: 0.5ms
[2020-03-12T20:59:08.473+0800][14.915s] GC(4)   Other: 0.3ms
[2020-03-12T20:59:08.473+0800][14.915s] GC(4) Eden regions: 86->0(117)
[2020-03-12T20:59:08.473+0800][14.915s] GC(4) Survivor regions: 5->7(14)
[2020-03-12T20:59:08.473+0800][14.915s] GC(4) Old regions: 18->18
[2020-03-12T20:59:08.473+0800][14.916s] GC(4) Archive regions: 0->0
[2020-03-12T20:59:08.473+0800][14.916s] GC(4) Humongous regions: 5->4
[2020-03-12T20:59:08.473+0800][14.916s] GC(4) Metaspace: 34961K->34961K(1081344K)
[2020-03-12T20:59:08.473+0800][14.916s] GC(4) Pause Young (Concurrent Start) (Metadata GC Threshold) 112M->28M(512M) 14.025ms
[2020-03-12T20:59:08.473+0800][14.916s] GC(4) User=0.06s Sys=0.00s Real=0.01s
[2020-03-12T20:59:08.473+0800][14.916s] GC(5) Concurrent Cycle
[2020-03-12T20:59:08.473+0800][14.916s] GC(5) Concurrent Clear Claimed Marks
[2020-03-12T20:59:08.474+0800][14.916s] GC(5) Concurrent Clear Claimed Marks 0.080ms
[2020-03-12T20:59:08.474+0800][14.916s] GC(5) Concurrent Scan Root Regions
[2020-03-12T20:59:08.484+0800][14.926s] GC(5) Concurrent Scan Root Regions 10.289ms
[2020-03-12T20:59:08.484+0800][14.926s] GC(5) Concurrent Mark (14.926s)
[2020-03-12T20:59:08.484+0800][14.926s] GC(5) Concurrent Mark From Roots
[2020-03-12T20:59:08.484+0800][14.926s] GC(5) Using 1 workers of 1 for marking
[2020-03-12T20:59:08.558+0800][15.002s] GC(5) Concurrent Mark From Roots 75.403ms
[2020-03-12T20:59:08.558+0800][15.002s] GC(5) Concurrent Preclean
[2020-03-12T20:59:08.558+0800][15.002s] GC(5) Concurrent Preclean 0.389ms
[2020-03-12T20:59:08.558+0800][15.002s] GC(5) Concurrent Mark (14.926s, 15.002s) 76.028ms
[2020-03-12T20:59:08.558+0800][15.002s] GC(5) Pause Remark
[2020-03-12T20:59:08.564+0800][15.006s] GC(5) Pause Remark 30M->30M(512M) 3.542ms
[2020-03-12T20:59:08.564+0800][15.006s] GC(5) User=0.00s Sys=0.00s Real=0.01s
[2020-03-12T20:59:08.564+0800][15.006s] GC(5) Concurrent Rebuild Remembered Sets
[2020-03-12T20:59:08.604+0800][15.046s] GC(5) Concurrent Rebuild Remembered Sets 40.066ms
[2020-03-12T20:59:08.605+0800][15.047s] GC(5) Pause Cleanup
[2020-03-12T20:59:08.605+0800][15.047s] GC(5) Pause Cleanup 30M->30M(512M) 0.162ms
[2020-03-12T20:59:08.605+0800][15.047s] GC(5) User=0.00s Sys=0.00s Real=0.00s
[2020-03-12T20:59:08.607+0800][15.050s] GC(5) Concurrent Cleanup for Next Mark
[2020-03-12T20:59:08.607+0800][15.051s] GC(5) Concurrent Cleanup for Next Mark 0.784ms
[2020-03-12T20:59:08.607+0800][15.051s] GC(5) Concurrent Cycle 135.247ms
[2020-03-12T20:59:09.318+0800][15.760s] GC(6) Pause Young (Normal) (G1 Evacuation Pause)
[2020-03-12T20:59:09.318+0800][15.760s] GC(6) Using 4 workers of 4 for evacuation
[2020-03-12T20:59:09.331+0800][15.773s] GC(6)   Pre Evacuate Collection Set: 0.1ms
[2020-03-12T20:59:09.331+0800][15.773s] GC(6)   Evacuate Collection Set: 12.0ms
[2020-03-12T20:59:09.331+0800][15.773s] GC(6)   Post Evacuate Collection Set: 1.0ms
[2020-03-12T20:59:09.331+0800][15.773s] GC(6)   Other: 0.4ms
[2020-03-12T20:59:09.331+0800][15.773s] GC(6) Eden regions: 118->0(170)
[2020-03-12T20:59:09.331+0800][15.773s] GC(6) Survivor regions: 7->8(16)
[2020-03-12T20:59:09.331+0800][15.773s] GC(6) Old regions: 18->18
[2020-03-12T20:59:09.331+0800][15.773s] GC(6) Archive regions: 0->0
[2020-03-12T20:59:09.331+0800][15.773s] GC(6) Humongous regions: 4->4
[2020-03-12T20:59:09.331+0800][15.773s] GC(6) Metaspace: 36732K->36732K(1083392K)
[2020-03-12T20:59:09.331+0800][15.773s] GC(6) Pause Young (Normal) (G1 Evacuation Pause) 146M->29M(512M) 13.838ms
[2020-03-12T20:59:09.331+0800][15.773s] GC(6) User=0.06s Sys=0.00s Real=0.01s
[2020-03-12T20:59:12.612+0800][19.054s] GC(7) Pause Young (Normal) (G1 Evacuation Pause)
[2020-03-12T20:59:12.612+0800][19.054s] GC(7) Using 4 workers of 4 for evacuation
[2020-03-12T20:59:12.634+0800][19.076s] GC(7)   Pre Evacuate Collection Set: 0.0ms
[2020-03-12T20:59:12.634+0800][19.076s] GC(7)   Evacuate Collection Set: 20.8ms
[2020-03-12T20:59:12.635+0800][19.076s] GC(7)   Post Evacuate Collection Set: 1.0ms
[2020-03-12T20:59:12.635+0800][19.077s] GC(7)   Other: 0.3ms
[2020-03-12T20:59:12.635+0800][19.077s] GC(7) Eden regions: 170->0(265)
[2020-03-12T20:59:12.635+0800][19.077s] GC(7) Survivor regions: 8->13(23)
[2020-03-12T20:59:12.635+0800][19.077s] GC(7) Old regions: 18->18
[2020-03-12T20:59:12.635+0800][19.077s] GC(7) Archive regions: 0->0
[2020-03-12T20:59:12.635+0800][19.077s] GC(7) Humongous regions: 4->4
[2020-03-12T20:59:12.635+0800][19.077s] GC(7) Metaspace: 44683K->44683K(1089536K)
[2020-03-12T20:59:12.635+0800][19.077s] GC(7) Pause Young (Normal) (G1 Evacuation Pause) 199M->34M(512M) 22.633ms
[2020-03-12T20:59:12.635+0800][19.077s] GC(7) User=0.05s Sys=0.00s Real=0.02s
[2020-03-12T21:33:38.750+0800][2085.192s] Heap
[2020-03-12T21:33:38.750+0800][2085.192s]  garbage-first heap   total 524288K, used 104711K [0x00000000e0000000, 0x0000000100000000)
[2020-03-12T21:33:38.750+0800][2085.192s]   region size 1024K, 79 young (80896K), 13 survivors (13312K)
[2020-03-12T21:33:38.750+0800][2085.192s]  Metaspace       used 48973K, capacity 50019K, committed 50304K, reserved 1093632K
[2020-03-12T21:33:38.750+0800][2085.192s]   class space    used 5763K, capacity 6160K, committed 6272K, reserved 1048576K
