[2020-03-09T12:52:44.500+0800][0.031s] Heap region size: 1M
[2020-03-09T12:52:44.846+0800][0.376s] Using G1
[2020-03-09T12:52:44.846+0800][0.376s] Heap address: 0x00000000e0000000, size: 512 MB, Compressed Oops mode: 32-bit
[2020-03-09T12:52:44.883+0800][0.414s] Periodic GC disabled
[2020-03-09T12:52:46.240+0800][1.770s] GC(0) Pause Young (Normal) (G1 Evacuation Pause)
[2020-03-09T12:52:46.240+0800][1.771s] GC(0) Using 4 workers of 4 for evacuation
[2020-03-09T12:52:46.245+0800][1.776s] GC(0)   Pre Evacuate Collection Set: 0.0ms
[2020-03-09T12:52:46.245+0800][1.776s] GC(0)   Evacuate Collection Set: 4.5ms
[2020-03-09T12:52:46.245+0800][1.776s] GC(0)   Post Evacuate Collection Set: 0.4ms
[2020-03-09T12:52:46.245+0800][1.776s] GC(0)   Other: 0.6ms
[2020-03-09T12:52:46.252+0800][1.782s] GC(0) Eden regions: 25->0(304)
[2020-03-09T12:52:46.252+0800][1.782s] GC(0) Survivor regions: 0->3(4)
[2020-03-09T12:52:46.252+0800][1.782s] GC(0) Old regions: 0->0
[2020-03-09T12:52:46.252+0800][1.782s] GC(0) Archive regions: 0->0
[2020-03-09T12:52:46.252+0800][1.782s] GC(0) Humongous regions: 0->0
[2020-03-09T12:52:46.252+0800][1.782s] GC(0) Metaspace: 5458K->5458K(1056768K)
[2020-03-09T12:52:46.252+0800][1.783s] GC(0) Pause Young (Normal) (G1 Evacuation Pause) 25M->2M(512M) 12.151ms
[2020-03-09T12:52:46.252+0800][1.783s] GC(0) User=0.00s Sys=0.00s Real=0.01s
[2020-03-09T12:52:48.917+0800][4.448s] GC(1) Pause Young (Concurrent Start) (Metadata GC Threshold)
[2020-03-09T12:52:48.917+0800][4.448s] GC(1) Using 4 workers of 4 for evacuation
[2020-03-09T12:52:48.940+0800][4.471s] GC(1)   Pre Evacuate Collection Set: 0.0ms
[2020-03-09T12:52:48.940+0800][4.471s] GC(1)   Evacuate Collection Set: 21.7ms
[2020-03-09T12:52:48.940+0800][4.471s] GC(1)   Post Evacuate Collection Set: 1.2ms
[2020-03-09T12:52:48.940+0800][4.471s] GC(1)   Other: 0.3ms
[2020-03-09T12:52:48.940+0800][4.471s] GC(1) Eden regions: 111->0(70)
[2020-03-09T12:52:48.940+0800][4.471s] GC(1) Survivor regions: 3->19(34)
[2020-03-09T12:52:48.940+0800][4.471s] GC(1) Old regions: 0->0
[2020-03-09T12:52:48.940+0800][4.471s] GC(1) Archive regions: 0->0
[2020-03-09T12:52:48.940+0800][4.471s] GC(1) Humongous regions: 4->4
[2020-03-09T12:52:48.940+0800][4.471s] GC(1) Metaspace: 20738K->20738K(1069056K)
[2020-03-09T12:52:48.940+0800][4.471s] GC(1) Pause Young (Concurrent Start) (Metadata GC Threshold) 117M->22M(512M) 23.457ms
[2020-03-09T12:52:48.940+0800][4.471s] GC(1) User=0.06s Sys=0.02s Real=0.02s
[2020-03-09T12:52:48.940+0800][4.471s] GC(2) Concurrent Cycle
[2020-03-09T12:52:48.940+0800][4.471s] GC(2) Concurrent Clear Claimed Marks
[2020-03-09T12:52:48.940+0800][4.471s] GC(2) Concurrent Clear Claimed Marks 0.054ms
[2020-03-09T12:52:48.940+0800][4.471s] GC(2) Concurrent Scan Root Regions
[2020-03-09T12:52:48.953+0800][4.484s] GC(2) Concurrent Scan Root Regions 12.745ms
[2020-03-09T12:52:48.953+0800][4.484s] GC(2) Concurrent Mark (4.484s)
[2020-03-09T12:52:48.953+0800][4.484s] GC(2) Concurrent Mark From Roots
[2020-03-09T12:52:48.953+0800][4.484s] GC(2) Using 1 workers of 1 for marking
[2020-03-09T12:52:48.966+0800][4.497s] GC(2) Concurrent Mark From Roots 13.075ms
[2020-03-09T12:52:48.966+0800][4.497s] GC(2) Concurrent Preclean
[2020-03-09T12:52:48.966+0800][4.498s] GC(2) Concurrent Preclean 0.139ms
[2020-03-09T12:52:48.966+0800][4.498s] GC(2) Concurrent Mark (4.484s, 4.498s) 13.363ms
[2020-03-09T12:52:48.967+0800][4.498s] GC(2) Pause Remark
[2020-03-09T12:52:48.969+0800][4.500s] GC(2) Pause Remark 24M->24M(512M) 2.011ms
[2020-03-09T12:52:48.969+0800][4.500s] GC(2) User=0.00s Sys=0.00s Real=0.00s
[2020-03-09T12:52:48.969+0800][4.500s] GC(2) Concurrent Rebuild Remembered Sets
[2020-03-09T12:52:48.973+0800][4.503s] GC(2) Concurrent Rebuild Remembered Sets 3.114ms
[2020-03-09T12:52:48.973+0800][4.504s] GC(2) Pause Cleanup
[2020-03-09T12:52:48.973+0800][4.504s] GC(2) Pause Cleanup 24M->24M(512M) 0.156ms
[2020-03-09T12:52:48.973+0800][4.504s] GC(2) User=0.00s Sys=0.00s Real=0.00s
[2020-03-09T12:52:48.973+0800][4.504s] GC(2) Concurrent Cleanup for Next Mark
[2020-03-09T12:52:48.973+0800][4.504s] GC(2) Concurrent Cleanup for Next Mark 0.670ms
[2020-03-09T12:52:48.973+0800][4.505s] GC(2) Concurrent Cycle 33.304ms
[2020-03-09T12:52:50.065+0800][5.597s] GC(3) Pause Young (Normal) (G1 Evacuation Pause)
[2020-03-09T12:52:50.066+0800][5.597s] GC(3) Using 4 workers of 4 for evacuation
[2020-03-09T12:52:50.087+0800][5.617s] GC(3)   Pre Evacuate Collection Set: 0.0ms
[2020-03-09T12:52:50.087+0800][5.618s] GC(3)   Evacuate Collection Set: 19.6ms
[2020-03-09T12:52:50.087+0800][5.618s] GC(3)   Post Evacuate Collection Set: 1.0ms
[2020-03-09T12:52:50.087+0800][5.618s] GC(3)   Other: 0.3ms
[2020-03-09T12:52:50.087+0800][5.618s] GC(3) Eden regions: 65->0(98)
[2020-03-09T12:52:50.087+0800][5.618s] GC(3) Survivor regions: 19->5(11)
[2020-03-09T12:52:50.087+0800][5.618s] GC(3) Old regions: 0->19
[2020-03-09T12:52:50.087+0800][5.618s] GC(3) Archive regions: 0->0
[2020-03-09T12:52:50.087+0800][5.618s] GC(3) Humongous regions: 4->4
[2020-03-09T12:52:50.087+0800][5.618s] GC(3) Metaspace: 29674K->29674K(1077248K)
[2020-03-09T12:52:50.087+0800][5.618s] GC(3) Pause Young (Normal) (G1 Evacuation Pause) 87M->26M(512M) 21.365ms
[2020-03-09T12:52:50.087+0800][5.618s] GC(3) User=0.06s Sys=0.00s Real=0.02s
[2020-03-09T12:52:51.294+0800][6.825s] GC(4) Pause Young (Concurrent Start) (Metadata GC Threshold)
[2020-03-09T12:52:51.294+0800][6.825s] GC(4) Using 4 workers of 4 for evacuation
[2020-03-09T12:52:51.302+0800][6.834s] GC(4)   Pre Evacuate Collection Set: 0.1ms
[2020-03-09T12:52:51.302+0800][6.834s] GC(4)   Evacuate Collection Set: 8.0ms
[2020-03-09T12:52:51.302+0800][6.834s] GC(4)   Post Evacuate Collection Set: 0.6ms
[2020-03-09T12:52:51.302+0800][6.834s] GC(4)   Other: 0.3ms
[2020-03-09T12:52:51.302+0800][6.834s] GC(4) Eden regions: 85->0(118)
[2020-03-09T12:52:51.302+0800][6.834s] GC(4) Survivor regions: 5->6(13)
[2020-03-09T12:52:51.302+0800][6.834s] GC(4) Old regions: 19->19
[2020-03-09T12:52:51.302+0800][6.834s] GC(4) Archive regions: 0->0
[2020-03-09T12:52:51.302+0800][6.834s] GC(4) Humongous regions: 5->4
[2020-03-09T12:52:51.302+0800][6.834s] GC(4) Metaspace: 35142K->35142K(1081344K)
[2020-03-09T12:52:51.302+0800][6.834s] GC(4) Pause Young (Concurrent Start) (Metadata GC Threshold) 112M->28M(512M) 9.261ms
[2020-03-09T12:52:51.302+0800][6.834s] GC(4) User=0.06s Sys=0.00s Real=0.01s
[2020-03-09T12:52:51.303+0800][6.834s] GC(5) Concurrent Cycle
[2020-03-09T12:52:51.303+0800][6.834s] GC(5) Concurrent Clear Claimed Marks
[2020-03-09T12:52:51.303+0800][6.834s] GC(5) Concurrent Clear Claimed Marks 0.062ms
[2020-03-09T12:52:51.303+0800][6.834s] GC(5) Concurrent Scan Root Regions
[2020-03-09T12:52:51.309+0800][6.840s] GC(5) Concurrent Scan Root Regions 6.217ms
[2020-03-09T12:52:51.309+0800][6.840s] GC(5) Concurrent Mark (6.840s)
[2020-03-09T12:52:51.309+0800][6.840s] GC(5) Concurrent Mark From Roots
[2020-03-09T12:52:51.309+0800][6.841s] GC(5) Using 1 workers of 1 for marking
[2020-03-09T12:52:51.351+0800][6.882s] GC(5) Concurrent Mark From Roots 41.601ms
[2020-03-09T12:52:51.351+0800][6.882s] GC(5) Concurrent Preclean
[2020-03-09T12:52:51.351+0800][6.882s] GC(5) Concurrent Preclean 0.197ms
[2020-03-09T12:52:51.351+0800][6.882s] GC(5) Concurrent Mark (6.840s, 6.882s) 41.927ms
[2020-03-09T12:52:51.351+0800][6.883s] GC(5) Pause Remark
[2020-03-09T12:52:51.354+0800][6.885s] GC(5) Pause Remark 30M->30M(512M) 2.216ms
[2020-03-09T12:52:51.354+0800][6.885s] GC(5) User=0.00s Sys=0.00s Real=0.00s
[2020-03-09T12:52:51.354+0800][6.885s] GC(5) Concurrent Rebuild Remembered Sets
[2020-03-09T12:52:51.381+0800][6.913s] GC(5) Concurrent Rebuild Remembered Sets 27.852ms
[2020-03-09T12:52:51.382+0800][6.913s] GC(5) Pause Cleanup
[2020-03-09T12:52:51.382+0800][6.913s] GC(5) Pause Cleanup 31M->31M(512M) 0.115ms
[2020-03-09T12:52:51.382+0800][6.913s] GC(5) User=0.00s Sys=0.00s Real=0.00s
[2020-03-09T12:52:51.382+0800][6.913s] GC(5) Concurrent Cleanup for Next Mark
[2020-03-09T12:52:51.382+0800][6.914s] GC(5) Concurrent Cleanup for Next Mark 0.590ms
[2020-03-09T12:52:51.382+0800][6.914s] GC(5) Concurrent Cycle 79.709ms
[2020-03-09T12:55:59.200+0800][194.731s] Heap
[2020-03-09T12:55:59.200+0800][194.731s]  garbage-first heap   total 524288K, used 42338K [0x00000000e0000000, 0x0000000100000000)
[2020-03-09T12:55:59.200+0800][194.731s]   region size 1024K, 20 young (20480K), 6 survivors (6144K)
[2020-03-09T12:55:59.200+0800][194.731s]  Metaspace       used 36148K, capacity 36894K, committed 37116K, reserved 1081344K
[2020-03-09T12:55:59.200+0800][194.731s]   class space    used 4238K, capacity 4529K, committed 4604K, reserved 1048576K
